Archive member included to satisfy reference by file (symbol)

c:/Users/micha/AppData/Roaming/Code/User/globalStorage/bmd.stm32-for-vscode/@xpack-dev-tools/arm-none-eabi-gcc/14.2.1-1.1.1/.content/bin/../lib/gcc/arm-none-eabi/14.2.1/../../../../arm-none-eabi/lib/thumb/v6-m/nofp\libc_nano.a(libc_a-atexit.o)
                              c:/Users/micha/AppData/Roaming/Code/User/globalStorage/bmd.stm32-for-vscode/@xpack-dev-tools/arm-none-eabi-gcc/14.2.1-1.1.1/.content/bin/../lib/gcc/arm-none-eabi/14.2.1/../../../../arm-none-eabi/lib/thumb/v6-m/nofp/crt0.o (atexit)
c:/Users/micha/AppData/Roaming/Code/User/globalStorage/bmd.stm32-for-vscode/@xpack-dev-tools/arm-none-eabi-gcc/14.2.1-1.1.1/.content/bin/../lib/gcc/arm-none-eabi/14.2.1/../../../../arm-none-eabi/lib/thumb/v6-m/nofp\libc_nano.a(libc_a-exit.o)
                              c:/Users/micha/AppData/Roaming/Code/User/globalStorage/bmd.stm32-for-vscode/@xpack-dev-tools/arm-none-eabi-gcc/14.2.1-1.1.1/.content/bin/../lib/gcc/arm-none-eabi/14.2.1/../../../../arm-none-eabi/lib/thumb/v6-m/nofp/crt0.o (exit)
c:/Users/micha/AppData/Roaming/Code/User/globalStorage/bmd.stm32-for-vscode/@xpack-dev-tools/arm-none-eabi-gcc/14.2.1-1.1.1/.content/bin/../lib/gcc/arm-none-eabi/14.2.1/../../../../arm-none-eabi/lib/thumb/v6-m/nofp\libc_nano.a(libc_a-findfp.o)
                              c:/Users/micha/AppData/Roaming/Code/User/globalStorage/bmd.stm32-for-vscode/@xpack-dev-tools/arm-none-eabi-gcc/14.2.1-1.1.1/.content/bin/../lib/gcc/arm-none-eabi/14.2.1/../../../../arm-none-eabi/lib/thumb/v6-m/nofp\libc_nano.a(libc_a-exit.o) (__stdio_exit_handler)
c:/Users/micha/AppData/Roaming/Code/User/globalStorage/bmd.stm32-for-vscode/@xpack-dev-tools/arm-none-eabi-gcc/14.2.1-1.1.1/.content/bin/../lib/gcc/arm-none-eabi/14.2.1/../../../../arm-none-eabi/lib/thumb/v6-m/nofp\libc_nano.a(libc_a-fwalk.o)
                              c:/Users/micha/AppData/Roaming/Code/User/globalStorage/bmd.stm32-for-vscode/@xpack-dev-tools/arm-none-eabi-gcc/14.2.1-1.1.1/.content/bin/../lib/gcc/arm-none-eabi/14.2.1/../../../../arm-none-eabi/lib/thumb/v6-m/nofp\libc_nano.a(libc_a-findfp.o) (_fwalk_sglue)
c:/Users/micha/AppData/Roaming/Code/User/globalStorage/bmd.stm32-for-vscode/@xpack-dev-tools/arm-none-eabi-gcc/14.2.1-1.1.1/.content/bin/../lib/gcc/arm-none-eabi/14.2.1/../../../../arm-none-eabi/lib/thumb/v6-m/nofp\libc_nano.a(libc_a-sprintf.o)
                              build/debug/main.o (sprintf)
c:/Users/micha/AppData/Roaming/Code/User/globalStorage/bmd.stm32-for-vscode/@xpack-dev-tools/arm-none-eabi-gcc/14.2.1-1.1.1/.content/bin/../lib/gcc/arm-none-eabi/14.2.1/../../../../arm-none-eabi/lib/thumb/v6-m/nofp\libc_nano.a(libc_a-stdio.o)
                              c:/Users/micha/AppData/Roaming/Code/User/globalStorage/bmd.stm32-for-vscode/@xpack-dev-tools/arm-none-eabi-gcc/14.2.1-1.1.1/.content/bin/../lib/gcc/arm-none-eabi/14.2.1/../../../../arm-none-eabi/lib/thumb/v6-m/nofp\libc_nano.a(libc_a-findfp.o) (__sread)
c:/Users/micha/AppData/Roaming/Code/User/globalStorage/bmd.stm32-for-vscode/@xpack-dev-tools/arm-none-eabi-gcc/14.2.1-1.1.1/.content/bin/../lib/gcc/arm-none-eabi/14.2.1/../../../../arm-none-eabi/lib/thumb/v6-m/nofp\libc_nano.a(libc_a-memset.o)
                              c:/Users/micha/AppData/Roaming/Code/User/globalStorage/bmd.stm32-for-vscode/@xpack-dev-tools/arm-none-eabi-gcc/14.2.1-1.1.1/.content/bin/../lib/gcc/arm-none-eabi/14.2.1/../../../../arm-none-eabi/lib/thumb/v6-m/nofp/crt0.o (memset)
c:/Users/micha/AppData/Roaming/Code/User/globalStorage/bmd.stm32-for-vscode/@xpack-dev-tools/arm-none-eabi-gcc/14.2.1-1.1.1/.content/bin/../lib/gcc/arm-none-eabi/14.2.1/../../../../arm-none-eabi/lib/thumb/v6-m/nofp\libc_nano.a(libc_a-closer.o)
                              c:/Users/micha/AppData/Roaming/Code/User/globalStorage/bmd.stm32-for-vscode/@xpack-dev-tools/arm-none-eabi-gcc/14.2.1-1.1.1/.content/bin/../lib/gcc/arm-none-eabi/14.2.1/../../../../arm-none-eabi/lib/thumb/v6-m/nofp\libc_nano.a(libc_a-stdio.o) (_close_r)
c:/Users/micha/AppData/Roaming/Code/User/globalStorage/bmd.stm32-for-vscode/@xpack-dev-tools/arm-none-eabi-gcc/14.2.1-1.1.1/.content/bin/../lib/gcc/arm-none-eabi/14.2.1/../../../../arm-none-eabi/lib/thumb/v6-m/nofp\libc_nano.a(libc_a-reent.o)
                              c:/Users/micha/AppData/Roaming/Code/User/globalStorage/bmd.stm32-for-vscode/@xpack-dev-tools/arm-none-eabi-gcc/14.2.1-1.1.1/.content/bin/../lib/gcc/arm-none-eabi/14.2.1/../../../../arm-none-eabi/lib/thumb/v6-m/nofp\libc_nano.a(libc_a-closer.o) (errno)
c:/Users/micha/AppData/Roaming/Code/User/globalStorage/bmd.stm32-for-vscode/@xpack-dev-tools/arm-none-eabi-gcc/14.2.1-1.1.1/.content/bin/../lib/gcc/arm-none-eabi/14.2.1/../../../../arm-none-eabi/lib/thumb/v6-m/nofp\libc_nano.a(libc_a-impure.o)
[...]
Memory Configuration

Name             Origin             Length             Attributes
RAM              0x20000000         0x00003000         xrw
FLASH            0x08000000         0x00008000         xr
*default*        0x00000000         0xffffffff

Linker script and memory map

LOAD c:/Users/micha/AppData/Roaming/Code/User/globalStorage/bmd.stm32-for-vscode/@xpack-dev-tools/arm-none-eabi-gcc/14.2.1-1.1.1/.content/bin/../lib/gcc/arm-none-eabi/14.2.1/thumb/v6-m/nofp/crti.o
LOAD c:/Users/micha/AppData/Roaming/Code/User/globalStorage/bmd.stm32-for-vscode/@xpack-dev-tools/arm-none-eabi-gcc/14.2.1-1.1.1/.content/bin/../lib/gcc/arm-none-eabi/14.2.1/thumb/v6-m/nofp/crtbegin.o
LOAD c:/Users/micha/AppData/Roaming/Code/User/globalStorage/bmd.stm32-for-vscode/@xpack-dev-tools/arm-none-eabi-gcc/14.2.1-1.1.1/.content/bin/../lib/gcc/arm-none-eabi/14.2.1/../../../../arm-none-eabi/lib/thumb/v6-m/nofp/crt0.o
LOAD build/debug/main.o
LOAD build/debug/stm32c0xx_hal.o
LOAD build/debug/stm32c0xx_hal_adc.o
LOAD build/debug/stm32c0xx_hal_adc_ex.o
LOAD build/debug/stm32c0xx_hal_cortex.o
LOAD build/debug/stm32c0xx_hal_dma.o
LOAD build/debug/stm32c0xx_hal_dma_ex.o
LOAD build/debug/stm32c0xx_hal_exti.o
LOAD build/debug/stm32c0xx_hal_flash.o
LOAD build/debug/stm32c0xx_hal_flash_ex.o
LOAD build/debug/stm32c0xx_hal_gpio.o
LOAD build/debug/stm32c0xx_hal_msp.o
LOAD build/debug/stm32c0xx_hal_pwr.o
LOAD build/debug/stm32c0xx_hal_pwr_ex.o
LOAD build/debug/stm32c0xx_hal_rcc.o
LOAD build/debug/stm32c0xx_hal_rcc_ex.o
LOAD build/debug/stm32c0xx_hal_uart.o
LOAD build/debug/stm32c0xx_hal_uart_ex.o
LOAD build/debug/stm32c0xx_hal_usart.o
LOAD build/debug/stm32c0xx_hal_usart_ex.o
LOAD build/debug/stm32c0xx_it.o
LOAD build/debug/stm32c0xx_nucleo.o
LOAD build/debug/syscalls.o
LOAD build/debug/sysmem.o
LOAD build/debug/system_stm32c0xx.o
LOAD build/debug/startup_stm32c031xx.o
LOAD c:/Users/micha/AppData/Roaming/Code/User/globalStorage/bmd.stm32-for-vscode/@xpack-dev-tools/arm-none-eabi-gcc/14.2.1-1.1.1/.content/bin/../lib/gcc/arm-none-eabi/14.2.1/../../../../arm-none-eabi/lib/thumb/v6-m/nofp\libc_nano.a
LOAD c:/Users/micha/AppData/Roaming/Code/User/globalStorage/bmd.stm32-for-vscode/@xpack-dev-tools/arm-none-eabi-gcc/14.2.1-1.1.1/.content/bin/../lib/gcc/arm-none-eabi/14.2.1/../../../../arm-none-eabi/lib/thumb/v6-m/nofp\libm.a
LOAD c:/Users/micha/AppData/Roaming/Code/User/globalStorage/bmd.stm32-for-vscode/@xpack-dev-tools/arm-none-eabi-gcc/14.2.1-1.1.1/.content/bin/../lib/gcc/arm-none-eabi/14.2.1/../../../../arm-none-eabi/lib/thumb/v6-m/nofp\libnosys.a
START GROUP
LOAD c:/Users/micha/AppData/Roaming/Code/User/globalStorage/bmd.stm32-for-vscode/@xpack-dev-tools/arm-none-eabi-gcc/14.2.1-1.1.1/.content/bin/../lib/gcc/arm-none-eabi/14.2.1/thumb/v6-m/nofp\libgcc.a
LOAD c:/Users/micha/AppData/Roaming/Code/User/globalStorage/bmd.stm32-for-vscode/@xpack-dev-tools/arm-none-eabi-gcc/14.2.1-1.1.1/.content/bin/../lib/gcc/arm-none-eabi/14.2.1/../../../../arm-none-eabi/lib/thumb/v6-m/nofp\libc_nano.a
END GROUP
START GROUP
LOAD c:/Users/micha/AppData/Roaming/Code/User/globalStorage/bmd.stm32-for-vscode/@xpack-dev-tools/arm-none-eabi-gcc/14.2.1-1.1.1/.content/bin/../lib/gcc/arm-none-eabi/14.2.1/thumb/v6-m/nofp\libgcc.a
LOAD c:/Users/micha/AppData/Roaming/Code/User/globalStorage/bmd.stm32-for-vscode/@xpack-dev-tools/arm-none-eabi-gcc/14.2.1-1.1.1/.content/bin/../lib/gcc/arm-none-eabi/14.2.1/../../../../arm-none-eabi/lib/thumb/v6-m/nofp\libc_nano.a
END GROUP
LOAD c:/Users/micha/AppData/Roaming/Code/User/globalStorage/bmd.stm32-for-vscode/@xpack-dev-tools/arm-none-eabi-gcc/14.2.1-1.1.1/.content/bin/../lib/gcc/arm-none-eabi/14.2.1/thumb/v6-m/nofp/crtend.o
LOAD c:/Users/micha/AppData/Roaming/Code/User/globalStorage/bmd.stm32-for-vscode/@xpack-dev-tools/arm-none-eabi-gcc/14.2.1-1.1.1/.content/bin/../lib/gcc/arm-none-eabi/14.2.1/thumb/v6-m/nofp/crtn.o
                0x20003000                        _estack = (ORIGIN (RAM) + LENGTH (RAM))
                0x00000200                        _Min_Heap_Size = 0x200
                0x00000400                        _Min_Stack_Size = 0x400

.isr_vector     0x08000000       0xc0
                0x08000000                        . = ALIGN (0x4)
 *(.isr_vector)
 .isr_vector    0x08000000       0xc0 build/debug/startup_stm32c031xx.o
                0x08000000                g_pfnVectors
                0x080000c0                        . = ALIGN (0x4)

.text           0x080000c0     0x29ec
                0x080000c0                        . = ALIGN (0x4)
 *(.text)
 .text          0x080000c0        0xe c:/Users/micha/AppData/Roaming/Code/User/globalStorage/bmd.stm32-for-vscode/@xpack-dev-tools/arm-none-eabi-gcc/14.2.1-1.1.1/.content/bin/../lib/gcc/arm-none-eabi/14.2.1/../../../../arm-none-eabi/lib/thumb/v6-m/nofp\libc_nano.a(libc_a-strlen.o)
                0x080000c0                strlen
 *fill*         0x080000ce        0x2 
 .text          0x080000d0       0x14 c:/Users/micha/AppData/Roaming/Code/User/globalStorage/bmd.stm32-for-vscode/@xpack-dev-tools/arm-none-eabi-gcc/14.2.1-1.1.1/.content/bin/../lib/gcc/arm-none-eabi/14.2.1/thumb/v6-m/nofp\libgcc.a(_thumb1_case_shi.o)
                0x080000d0                __gnu_thumb1_case_shi
 .text          0x080000e4      0x114 c:/Users/micha/AppData/Roaming/Code/User/globalStorage/bmd.stm32-for-vscode/@xpack-dev-tools/arm-none-eabi-gcc/14.2.1-1.1.1/.content/bin/../lib/gcc/arm-none-eabi/14.2.1/thumb/v6-m/nofp\libgcc.a(_udivsi3.o)
                0x080000e4                __aeabi_uidiv
                0x080000e4                __udivsi3
                0x080001f0                __aeabi_uidivmod
 .text          0x080001f8        0x4 c:/Users/micha/AppData/Roaming/Code/User/globalStorage/bmd.stm32-for-vscode/@xpack-dev-tools/arm-none-eabi-gcc/14.2.1-1.1.1/.content/bin/../lib/gcc/arm-none-eabi/14.2.1/thumb/v6-m/nofp\libgcc.a(_dvmd_tls.o)
                0x080001f8                __aeabi_idiv0
                0x080001f8                __aeabi_ldiv0
 *(.text*)
 .text.__do_global_dtors_aux
                0x080001fc       0x28 c:/Users/micha/AppData/Roaming/Code/User/globalStorage/bmd.stm32-for-vscode/@xpack-dev-tools/arm-none-eabi-gcc/14.2.1-1.1.1/.content/bin/../lib/gcc/arm-none-eabi/14.2.1/thumb/v6-m/nofp/crtbegin.o
 .text.frame_dummy
                0x08000224       0x20 c:/Users/micha/AppData/Roaming/Code/User/globalStorage/bmd.stm32-for-vscode/@xpack-dev-tools/arm-none-eabi-gcc/14.2.1-1.1.1/.content/bin/../lib/gcc/arm-none-eabi/14.2.1/thumb/v6-m/nofp/crtbegin.o
 .text.MX_GPIO_Init
                0x08000244       0x3c build/debug/main.o
 .text.MX_DMA_Init
                0x08000280       0x30 build/debug/main.o
 .text.Error_Handler
                0x080002b0        0x4 build/debug/main.o
                0x080002b0                Error_Handler
 .text.MX_ADC1_Init
                0x080002b4       0x80 build/debug/main.o
 .text.MX_USART2_UART_Init
                0x08000334       0x3c build/debug/main.o
 .text.SystemClock_Config
                0x08000370       0x68 build/debug/main.o
                0x08000370                SystemClock_Config
 .text.main     0x080003d8       0x94 build/debug/main.o
                0x080003d8                main
 .text.HAL_InitTick
                0x0800046c       0x58 build/debug/stm32c0xx_hal.o
                0x0800046c                HAL_InitTick
 .text.HAL_Init
                0x080004c4       0x18 build/debug/stm32c0xx_hal.o
                0x080004c4                HAL_Init
 .text.HAL_IncTick
                0x080004dc       0x18 build/debug/stm32c0xx_hal.o
                0x080004dc                HAL_IncTick
 .text.HAL_GetTick
                0x080004f4        0xc build/debug/stm32c0xx_hal.o
                0x080004f4                HAL_GetTick
 .text.HAL_Delay
                0x08000500       0x24 build/debug/stm32c0xx_hal.o
                0x08000500                HAL_Delay
 .text.HAL_ADC_Init
                0x08000524      0x240 build/debug/stm32c0xx_hal_adc.o
                0x08000524                HAL_ADC_Init
 .text.HAL_ADC_PollForConversion
                0x08000764       0xb8 build/debug/stm32c0xx_hal_adc.o
                0x08000764                HAL_ADC_PollForConversion
 .text.HAL_ADC_GetValue
                0x0800081c        0x6 build/debug/stm32c0xx_hal_adc.o
                0x0800081c                HAL_ADC_GetValue
 *fill*         0x08000822        0x2 
 .text.HAL_ADC_ConfigChannel
                0x08000824      0x280 build/debug/stm32c0xx_hal_adc.o
                0x08000824                HAL_ADC_ConfigChannel
 .text.ADC_ConversionStop
                0x08000aa4       0x58 build/debug/stm32c0xx_hal_adc.o
                0x08000aa4                ADC_ConversionStop
 .text.ADC_Enable
                0x08000afc       0xc8 build/debug/stm32c0xx_hal_adc.o
                0x08000afc                ADC_Enable
 .text.HAL_ADC_Start
                0x08000bc4       0x68 build/debug/stm32c0xx_hal_adc.o
                0x08000bc4                HAL_ADC_Start
 .text.ADC_Disable
                0x08000c2c       0x8c build/debug/stm32c0xx_hal_adc.o
                0x08000c2c                ADC_Disable
 .text.HAL_ADC_Stop
                0x08000cb8       0x44 build/debug/stm32c0xx_hal_adc.o
                0x08000cb8                HAL_ADC_Stop
 .text.__NVIC_SetPriority
                0x08000cfc       0x60 build/debug/stm32c0xx_hal_cortex.o
 .text.SysTick_Config
                0x08000d5c       0x38 build/debug/stm32c0xx_hal_cortex.o
 .text.HAL_NVIC_SetPriority
                0x08000d94        0x8 build/debug/stm32c0xx_hal_cortex.o
                0x08000d94                HAL_NVIC_SetPriority
 .text.HAL_NVIC_EnableIRQ
                0x08000d9c       0x18 build/debug/stm32c0xx_hal_cortex.o
                0x08000d9c                HAL_NVIC_EnableIRQ
 .text.HAL_SYSTICK_Config
                0x08000db4        0x8 build/debug/stm32c0xx_hal_cortex.o
                0x08000db4                HAL_SYSTICK_Config
 .text.DMA_CalcDMAMUXChannelBaseAndMask
                0x08000dbc       0x38 build/debug/stm32c0xx_hal_dma.o
 .text.DMA_CalcDMAMUXRequestGenBaseAndMask
                0x08000df4       0x28 build/debug/stm32c0xx_hal_dma.o
 .text.HAL_DMA_Init
                0x08000e1c       0xb0 build/debug/stm32c0xx_hal_dma.o
                0x08000e1c                HAL_DMA_Init
 .text.HAL_DMA_IRQHandler
                0x08000ecc       0xcc build/debug/stm32c0xx_hal_dma.o
                0x08000ecc                HAL_DMA_IRQHandler
 .text.HAL_EXTI_RegisterCallback
                0x08000f98       0x24 build/debug/stm32c0xx_hal_exti.o
                0x08000f98                HAL_EXTI_RegisterCallback
 .text.HAL_EXTI_GetHandle
                0x08000fbc        0xe build/debug/stm32c0xx_hal_exti.o
                0x08000fbc                HAL_EXTI_GetHandle
 *fill*         0x08000fca        0x2 
 .text.HAL_EXTI_IRQHandler
                0x08000fcc       0x48 build/debug/stm32c0xx_hal_exti.o
                0x08000fcc                HAL_EXTI_IRQHandler
 .text.HAL_GPIO_Init
                0x08001014      0x1bc build/debug/stm32c0xx_hal_gpio.o
                0x08001014                HAL_GPIO_Init
 .text.HAL_GPIO_WritePin
                0x080011d0        0xc build/debug/stm32c0xx_hal_gpio.o
                0x080011d0                HAL_GPIO_WritePin
 .text.HAL_MspInit
                0x080011dc       0x30 build/debug/stm32c0xx_hal_msp.o
                0x080011dc                HAL_MspInit
 .text.HAL_ADC_MspInit
                0x0800120c       0xc0 build/debug/stm32c0xx_hal_msp.o
                0x0800120c                HAL_ADC_MspInit
 .text.HAL_UART_MspInit
                0x080012cc       0x60 build/debug/stm32c0xx_hal_msp.o
                0x080012cc                HAL_UART_MspInit
 .text.HAL_RCC_OscConfig
                0x0800132c      0x2bc build/debug/stm32c0xx_hal_rcc.o
                0x0800132c                HAL_RCC_OscConfig
 .text.HAL_RCC_GetSysClockFreq
                0x080015e8       0x5c build/debug/stm32c0xx_hal_rcc.o
                0x080015e8                HAL_RCC_GetSysClockFreq
 .text.HAL_RCC_ClockConfig
                0x08001644      0x184 build/debug/stm32c0xx_hal_rcc.o
                0x08001644                HAL_RCC_ClockConfig
 .text.HAL_RCC_GetHCLKFreq
                0x080017c8       0x30 build/debug/stm32c0xx_hal_rcc.o
                0x080017c8                HAL_RCC_GetHCLKFreq
 .text.HAL_RCC_GetPCLK1Freq
                0x080017f8       0x28 build/debug/stm32c0xx_hal_rcc.o
                0x080017f8                HAL_RCC_GetPCLK1Freq
 .text.HAL_RCCEx_PeriphCLKConfig
                0x08001820      0x134 build/debug/stm32c0xx_hal_rcc_ex.o
                0x08001820                HAL_RCCEx_PeriphCLKConfig
 .text.UART_EndRxTransfer
                0x08001954       0x64 build/debug/stm32c0xx_hal_uart.o
 .text.UART_SetConfig
                0x080019b8      0x1c4 build/debug/stm32c0xx_hal_uart.o
                0x080019b8                UART_SetConfig
 .text.UART_AdvFeatureConfig
                0x08001b7c       0xe0 build/debug/stm32c0xx_hal_uart.o
                0x08001b7c                UART_AdvFeatureConfig
 .text.UART_WaitOnFlagUntilTimeout
                0x08001c5c       0x9e build/debug/stm32c0xx_hal_uart.o
                0x08001c5c                UART_WaitOnFlagUntilTimeout
 .text.HAL_UART_Transmit
                0x08001cfa       0xfa build/debug/stm32c0xx_hal_uart.o
                0x08001cfa                HAL_UART_Transmit
 .text.UART_CheckIdleState
                0x08001df4       0xd4 build/debug/stm32c0xx_hal_uart.o
                0x08001df4                UART_CheckIdleState
 .text.HAL_UART_Init
                0x08001ec8       0x70 build/debug/stm32c0xx_hal_uart.o
                0x08001ec8                HAL_UART_Init
 .text.NMI_Handler
                0x08001f38        0x2 build/debug/stm32c0xx_it.o
                0x08001f38                NMI_Handler
 .text.HardFault_Handler
                0x08001f3a        0x2 build/debug/stm32c0xx_it.o
                0x08001f3a                HardFault_Handler
 .text.SVC_Handler
                0x08001f3c        0x2 build/debug/stm32c0xx_it.o
                0x08001f3c                SVC_Handler
 .text.PendSV_Handler
                0x08001f3e        0x2 build/debug/stm32c0xx_it.o
                0x08001f3e                PendSV_Handler
 .text.SysTick_Handler
                0x08001f40        0x8 build/debug/stm32c0xx_it.o
                0x08001f40                SysTick_Handler
 .text.EXTI4_15_IRQHandler
                0x08001f48        0xa build/debug/stm32c0xx_it.o
                0x08001f48                EXTI4_15_IRQHandler
 *fill*         0x08001f52        0x2 
 .text.DMA1_Channel1_IRQHandler
                0x08001f54       0x10 build/debug/stm32c0xx_it.o
                0x08001f54                DMA1_Channel1_IRQHandler
 .text.BSP_LED_Init
                0x08001f64       0x84 build/debug/stm32c0xx_nucleo.o
                0x08001f64                BSP_LED_Init
 .text.BSP_PB_Init
                0x08001fe8       0x90 build/debug/stm32c0xx_nucleo.o
                0x08001fe8                BSP_PB_Init
 .text.BSP_PB_IRQHandler
                0x08002078       0x18 build/debug/stm32c0xx_nucleo.o
                0x08002078                BSP_PB_IRQHandler
 .text.BSP_PB_Callback
                0x08002090        0x2 build/debug/stm32c0xx_nucleo.o
                0x08002090                BSP_PB_Callback
 .text.BUTTON_USER_EXTI_Callback
                0x08002092        0xa build/debug/stm32c0xx_nucleo.o
 .text._sbrk    0x0800209c       0x48 build/debug/sysmem.o
                0x0800209c                _sbrk
 .text.SystemInit
                0x080020e4       0x10 build/debug/system_stm32c0xx.o
                0x080020e4                SystemInit
 .text.Reset_Handler
                0x080020f4       0x50 build/debug/startup_stm32c031xx.o
                0x080020f4                Reset_Handler
 .text.Default_Handler
                0x08002144        0x2 build/debug/startup_stm32c031xx.o
                0x08002144                TIM1_CC_IRQHandler
                0x08002144                I2C1_IRQHandler
                0x08002144                DMAMUX1_IRQHandler
                0x08002144                SPI1_IRQHandler
                0x08002144                EXTI2_3_IRQHandler
                0x08002144                ADC1_IRQHandler
                0x08002144                TIM17_IRQHandler
                0x08002144                RTC_IRQHandler
                0x08002144                TIM16_IRQHandler
                0x08002144                TIM3_IRQHandler
                0x08002144                RCC_IRQHandler
                0x08002144                Default_Handler
                0x08002144                TIM14_IRQHandler
                0x08002144                EXTI0_1_IRQHandler
                0x08002144                WWDG_IRQHandler
                0x08002144                DMA1_Channel2_3_IRQHandler
                0x08002144                USART2_IRQHandler
                0x08002144                FLASH_IRQHandler
                0x08002144                USART1_IRQHandler
                0x08002144                TIM1_BRK_UP_TRG_COM_IRQHandler
 *fill*         0x08002146        0x2 
 .text.sprintf  0x08002148       0x44 c:/Users/micha/AppData/Roaming/Code/User/globalStorage/bmd.stm32-for-vscode/@xpack-dev-tools/arm-none-eabi-gcc/14.2.1-1.1.1/.content/bin/../lib/gcc/arm-none-eabi/14.2.1/../../../../arm-none-eabi/lib/thumb/v6-m/nofp\libc_nano.a(libc_a-sprintf.o)
                0x08002148                siprintf
                0x08002148                sprintf
 .text.memset   0x0800218c       0x10 c:/Users/micha/AppData/Roaming/Code/User/globalStorage/bmd.stm32-for-vscode/@xpack-dev-tools/arm-none-eabi-gcc/14.2.1-1.1.1/.content/bin/../lib/gcc/arm-none-eabi/14.2.1/../../../../arm-none-eabi/lib/thumb/v6-m/nofp\libc_nano.a(libc_a-memset.o)
                0x0800218c                memset
 .text.__errno  0x0800219c        0xc c:/Users/micha/AppData/Roaming/Code/User/globalStorage/bmd.stm32-for-vscode/@xpack-dev-tools/arm-none-eabi-gcc/14.2.1-1.1.1/.content/bin/../lib/gcc/arm-none-eabi/14.2.1/../../../../arm-none-eabi/lib/thumb/v6-m/nofp\libc_nano.a(libc_a-errno.o)
                0x0800219c                __errno
 .text.__libc_init_array
                0x080021a8       0x48 c:/Users/micha/AppData/Roaming/Code/User/globalStorage/bmd.stm32-for-vscode/@xpack-dev-tools/arm-none-eabi-gcc/14.2.1-1.1.1/.content/bin/../lib/gcc/arm-none-eabi/14.2.1/../../../../arm-none-eabi/lib/thumb/v6-m/nofp\libc_nano.a(libc_a-init.o)
                0x080021a8                __libc_init_array
 .text.__retarget_lock_acquire_recursive
                0x080021f0        0x2 c:/Users/micha/AppData/Roaming/Code/User/globalStorage/bmd.stm32-for-vscode/@xpack-dev-tools/arm-none-eabi-gcc/14.2.1-1.1.1/.content/bin/../lib/gcc/arm-none-eabi/14.2.1/../../../../arm-none-eabi/lib/thumb/v6-m/nofp\libc_nano.a(libc_a-lock.o)
                0x080021f0                __retarget_lock_acquire_recursive
 .text.__retarget_lock_release_recursive
                0x080021f2        0x2 c:/Users/micha/AppData/Roaming/Code/User/globalStorage/bmd.stm32-for-vscode/@xpack-dev-tools/arm-none-eabi-gcc/14.2.1-1.1.1/.content/bin/../lib/gcc/arm-none-eabi/14.2.1/../../../../arm-none-eabi/lib/thumb/v6-m/nofp\libc_nano.a(libc_a-lock.o)
                0x080021f2                __retarget_lock_release_recursive
 .text._free_r  0x080021f4       0x94 c:/Users/micha/AppData/Roaming/Code/User/globalStorage/bmd.stm32-for-vscode/@xpack-dev-tools/arm-none-eabi-gcc/14.2.1-1.1.1/.content/bin/../lib/gcc/arm-none-eabi/14.2.1/../../../../arm-none-eabi/lib/thumb/v6-m/nofp\libc_nano.a(libc_a-freer.o)
                0x080021f4                _free_r
 .text.sbrk_aligned
                0x08002288       0x44 c:/Users/micha/AppData/Roaming/Code/User/globalStorage/bmd.stm32-for-vscode/@xpack-dev-tools/arm-none-eabi-gcc/14.2.1-1.1.1/.content/bin/../lib/gcc/arm-none-eabi/14.2.1/../../../../arm-none-eabi/lib/thumb/v6-m/nofp\libc_nano.a(libc_a-mallocr.o)
 .text._malloc_r
                0x080022cc      0x100 c:/Users/micha/AppData/Roaming/Code/User/globalStorage/bmd.stm32-for-vscode/@xpack-dev-tools/arm-none-eabi-gcc/14.2.1-1.1.1/.content/bin/../lib/gcc/arm-none-eabi/14.2.1/../../../../arm-none-eabi/lib/thumb/v6-m/nofp\libc_nano.a(libc_a-mallocr.o)
                0x080022cc                _malloc_r
 .text.__malloc_lock
                0x080023cc       0x10 c:/Users/micha/AppData/Roaming/Code/User/globalStorage/bmd.stm32-for-vscode/@xpack-dev-tools/arm-none-eabi-gcc/14.2.1-1.1.1/.content/bin/../lib/gcc/arm-none-eabi/14.2.1/../../../../arm-none-eabi/lib/thumb/v6-m/nofp\libc_nano.a(libc_a-mlock.o)
                0x080023cc                __malloc_lock
 .text.__malloc_unlock
                0x080023dc       0x10 c:/Users/micha/AppData/Roaming/Code/User/globalStorage/bmd.stm32-for-vscode/@xpack-dev-tools/arm-none-eabi-gcc/14.2.1-1.1.1/.content/bin/../lib/gcc/arm-none-eabi/14.2.1/../../../../arm-none-eabi/lib/thumb/v6-m/nofp\libc_nano.a(libc_a-mlock.o)
                0x080023dc                __malloc_unlock
 .text.__ssputs_r
                0x080023ec       0xc8 c:/Users/micha/AppData/Roaming/Code/User/globalStorage/bmd.stm32-for-vscode/@xpack-dev-tools/arm-none-eabi-gcc/14.2.1-1.1.1/.content/bin/../lib/gcc/arm-none-eabi/14.2.1/../../../../arm-none-eabi/lib/thumb/v6-m/nofp\libc_nano.a(libc_a-nano-svfprintf.o)
                0x080023ec                __ssputs_r
 .text._svfprintf_r
                0x080024b4      0x208 c:/Users/micha/AppData/Roaming/Code/User/globalStorage/bmd.stm32-for-vscode/@xpack-dev-tools/arm-none-eabi-gcc/14.2.1-1.1.1/.content/bin/../lib/gcc/arm-none-eabi/14.2.1/../../../../arm-none-eabi/lib/thumb/v6-m/nofp\libc_nano.a(libc_a-nano-svfprintf.o)
                0x080024b4                _svfiprintf_r
                0x080024b4                _svfprintf_r
 .text._printf_common
                0x080026bc       0xde c:/Users/micha/AppData/Roaming/Code/User/globalStorage/bmd.stm32-for-vscode/@xpack-dev-tools/arm-none-eabi-gcc/14.2.1-1.1.1/.content/bin/../lib/gcc/arm-none-eabi/14.2.1/../../../../arm-none-eabi/lib/thumb/v6-m/nofp\libc_nano.a(libc_a-nano-vfprintf_i.o)
                0x080026bc                _printf_common
 *fill*         0x0800279a        0x2 
 .text._printf_i
                0x0800279c      0x218 c:/Users/micha/AppData/Roaming/Code/User/globalStorage/bmd.stm32-for-vscode/@xpack-dev-tools/arm-none-eabi-gcc/14.2.1-1.1.1/.content/bin/../lib/gcc/arm-none-eabi/14.2.1/../../../../arm-none-eabi/lib/thumb/v6-m/nofp\libc_nano.a(libc_a-nano-vfprintf_i.o)
                0x0800279c                _printf_i
 .text.memmove  0x080029b4       0x24 c:/Users/micha/AppData/Roaming/Code/User/globalStorage/bmd.stm32-for-vscode/@xpack-dev-tools/arm-none-eabi-gcc/14.2.1-1.1.1/.content/bin/../lib/gcc/arm-none-eabi/14.2.1/../../../../arm-none-eabi/lib/thumb/v6-m/nofp\libc_nano.a(libc_a-memmove.o)
                0x080029b4                memmove
 .text._sbrk_r  0x080029d8       0x24 c:/Users/micha/AppData/Roaming/Code/User/globalStorage/bmd.stm32-for-vscode/@xpack-dev-tools/arm-none-eabi-gcc/14.2.1-1.1.1/.content/bin/../lib/gcc/arm-none-eabi/14.2.1/../../../../arm-none-eabi/lib/thumb/v6-m/nofp\libc_nano.a(libc_a-sbrkr.o)
                0x080029d8                _sbrk_r
 .text.memchr   0x080029fc       0x16 c:/Users/micha/AppData/Roaming/Code/User/globalStorage/bmd.stm32-for-vscode/@xpack-dev-tools/arm-none-eabi-gcc/14.2.1-1.1.1/.content/bin/../lib/gcc/arm-none-eabi/14.2.1/../../../../arm-none-eabi/lib/thumb/v6-m/nofp\libc_nano.a(libc_a-memchr-stub.o)
                0x080029fc                memchr
 .text.memcpy   0x08002a12       0x12 c:/Users/micha/AppData/Roaming/Code/User/globalStorage/bmd.stm32-for-vscode/@xpack-dev-tools/arm-none-eabi-gcc/14.2.1-1.1.1/.content/bin/../lib/gcc/arm-none-eabi/14.2.1/../../../../arm-none-eabi/lib/thumb/v6-m/nofp\libc_nano.a(libc_a-memcpy-stub.o)
                0x08002a12                memcpy
 .text._realloc_r
                0x08002a24       0x60 c:/Users/micha/AppData/Roaming/Code/User/globalStorage/bmd.stm32-for-vscode/@xpack-dev-tools/arm-none-eabi-gcc/14.2.1-1.1.1/.content/bin/../lib/gcc/arm-none-eabi/14.2.1/../../../../arm-none-eabi/lib/thumb/v6-m/nofp\libc_nano.a(libc_a-reallocr.o)
                0x08002a24                _realloc_r
 .text._malloc_usable_size_r
                0x08002a84       0x10 c:/Users/micha/AppData/Roaming/Code/User/globalStorage/bmd.stm32-for-vscode/@xpack-dev-tools/arm-none-eabi-gcc/14.2.1-1.1.1/.content/bin/../lib/gcc/arm-none-eabi/14.2.1/../../../../arm-none-eabi/lib/thumb/v6-m/nofp\libc_nano.a(libc_a-msizer.o)
                0x08002a84                _malloc_usable_size_r
 *(.glue_7)
 .glue_7        0x08002a94        0x0 linker stubs
 *(.glue_7t)
 .glue_7t       0x08002a94        0x0 linker stubs
 *(.eh_frame)
 .eh_frame      0x08002a94        0x0 c:/Users/micha/AppData/Roaming/Code/User/globalStorage/bmd.stm32-for-vscode/@xpack-dev-tools/arm-none-eabi-gcc/14.2.1-1.1.1/.content/bin/../lib/gcc/arm-none-eabi/14.2.1/thumb/v6-m/nofp/crtbegin.o
 *(.init)
 .init          0x08002a94        0x4 c:/Users/micha/AppData/Roaming/Code/User/globalStorage/bmd.stm32-for-vscode/@xpack-dev-tools/arm-none-eabi-gcc/14.2.1-1.1.1/.content/bin/../lib/gcc/arm-none-eabi/14.2.1/thumb/v6-m/nofp/crti.o
                0x08002a94                _init
 .init          0x08002a98        0x8 c:/Users/micha/AppData/Roaming/Code/User/globalStorage/bmd.stm32-for-vscode/@xpack-dev-tools/arm-none-eabi-gcc/14.2.1-1.1.1/.content/bin/../lib/gcc/arm-none-eabi/14.2.1/thumb/v6-m/nofp/crtn.o
 *(.fini)
 .fini          0x08002aa0        0x4 c:/Users/micha/AppData/Roaming/Code/User/globalStorage/bmd.stm32-for-vscode/@xpack-dev-tools/arm-none-eabi-gcc/14.2.1-1.1.1/.content/bin/../lib/gcc/arm-none-eabi/14.2.1/thumb/v6-m/nofp/crti.o
                0x08002aa0                _fini
 .fini          0x08002aa4        0x8 c:/Users/micha/AppData/Roaming/Code/User/globalStorage/bmd.stm32-for-vscode/@xpack-dev-tools/arm-none-eabi-gcc/14.2.1-1.1.1/.content/bin/../lib/gcc/arm-none-eabi/14.2.1/thumb/v6-m/nofp/crtn.o
                0x08002aac                        . = ALIGN (0x4)
                0x08002aac                        _etext = .

.vfp11_veneer   0x08002aac        0x0
 .vfp11_veneer  0x08002aac        0x0 linker stubs

.v4_bx          0x08002aac        0x0
 .v4_bx         0x08002aac        0x0 linker stubs

.iplt           0x08002aac        0x0
 .iplt          0x08002aac        0x0 c:/Users/micha/AppData/Roaming/Code/User/globalStorage/bmd.stm32-for-vscode/@xpack-dev-tools/arm-none-eabi-gcc/14.2.1-1.1.1/.content/bin/../lib/gcc/arm-none-eabi/14.2.1/thumb/v6-m/nofp/crtbegin.o

.rodata         0x08002aac       0xcc
                0x08002aac                        . = ALIGN (0x4)
 *(.rodata)
 *(.rodata*)
 .rodata.main.str1.4
                0x08002aac       0x14 build/debug/main.o
 .rodata.UARTPrescTable
                0x08002ac0       0x18 build/debug/stm32c0xx_hal_uart.o
                0x08002ac0                UARTPrescTable
 .rodata.LED_PIN
                0x08002ad8        0x4 build/debug/stm32c0xx_nucleo.o
 .rodata.LED_PORT
                0x08002adc        0x8 build/debug/stm32c0xx_nucleo.o
 .rodata.APBPrescTable
                0x08002ae4       0x20 build/debug/system_stm32c0xx.o
                0x08002ae4                APBPrescTable
 .rodata.AHBPrescTable
                0x08002b04       0x40 build/debug/system_stm32c0xx.o
                0x08002b04                AHBPrescTable
 .rodata._svfprintf_r.str1.1
                0x08002b44       0x33 c:/Users/micha/AppData/Roaming/Code/User/globalStorage/bmd.stm32-for-vscode/@xpack-dev-tools/arm-none-eabi-gcc/14.2.1-1.1.1/.content/bin/../lib/gcc/arm-none-eabi/14.2.1/../../../../arm-none-eabi/lib/thumb/v6-m/nofp\libc_nano.a(libc_a-nano-svfprintf.o)
                                 0x11 (size before relaxing)
 .rodata._printf_i.str1.1
                0x08002b77       0x22 c:/Users/micha/AppData/Roaming/Code/User/globalStorage/bmd.stm32-for-vscode/@xpack-dev-tools/arm-none-eabi-gcc/14.2.1-1.1.1/.content/bin/../lib/gcc/arm-none-eabi/14.2.1/../../../../arm-none-eabi/lib/thumb/v6-m/nofp\libc_nano.a(libc_a-nano-vfprintf_i.o)
                0x08002b9c                        . = ALIGN (0x4)
 *fill*         0x08002b77        0x1 

.ARM.extab      0x08002b78        0x0
                0x08002b78                        . = ALIGN (0x4)
 *(.ARM.extab* .gnu.linkonce.armextab.*)
                0x08002b78                        . = ALIGN (0x4)

.ARM            0x08002b78        0x0
                0x08002b78                        . = ALIGN (0x4)
                0x08002b78                        __exidx_start = .
 *(.ARM.exidx*)
                0x08002b78                        __exidx_end = .
                0x08002b78                        . = ALIGN (0x4)

.preinit_array  0x08002b78        0x0
                0x08002b78                        . = ALIGN (0x4)
                0x08002b78                        PROVIDE (__preinit_array_start = .)
 *(.preinit_array*)
                0x08002b78                        PROVIDE (__preinit_array_end = .)
                0x08002b78                        . = ALIGN (0x4)

.init_array     0x08002b78        0x4
                0x08002b78                        . = ALIGN (0x4)
                0x08002b78                        PROVIDE (__init_array_start = .)
 *(SORT_BY_NAME(.init_array.*))
 *(.init_array*)
 .init_array    0x08002b78        0x4 c:/Users/micha/AppData/Roaming/Code/User/globalStorage/bmd.stm32-for-vscode/@xpack-dev-tools/arm-none-eabi-gcc/14.2.1-1.1.1/.content/bin/../lib/gcc/arm-none-eabi/14.2.1/thumb/v6-m/nofp/crtbegin.o
                0x08002b7c                        PROVIDE (__init_array_end = .)
                0x08002b7c                        . = ALIGN (0x4)

.fini_array     0x08002b7c        0x4
                0x08002b7c                        . = ALIGN (0x4)
                0x08002b7c                        PROVIDE (__fini_array_start = .)
 *(SORT_BY_NAME(.fini_array.*))
 *(.fini_array*)
 .fini_array    0x08002b7c        0x4 c:/Users/micha/AppData/Roaming/Code/User/globalStorage/bmd.stm32-for-vscode/@xpack-dev-tools/arm-none-eabi-gcc/14.2.1-1.1.1/.content/bin/../lib/gcc/arm-none-eabi/14.2.1/thumb/v6-m/nofp/crtbegin.o
                0x08002b80                        PROVIDE (__fini_array_end = .)
                0x08002b80                        . = ALIGN (0x4)
                0x08002b80                        _sidata = LOADADDR (.data)

.rel.dyn        0x08002b80        0x0
 .rel.iplt      0x08002b80        0x0 c:/Users/micha/AppData/Roaming/Code/User/globalStorage/bmd.stm32-for-vscode/@xpack-dev-tools/arm-none-eabi-gcc/14.2.1-1.1.1/.content/bin/../lib/gcc/arm-none-eabi/14.2.1/thumb/v6-m/nofp/crtbegin.o

.data           0x20000000       0x5c load address 0x08002b80
                0x20000000                        . = ALIGN (0x4)
                0x20000000                        _sdata = .
 *(.data)
 *(.data*)
 .data.uwTickFreq
                0x20000000        0x1 build/debug/stm32c0xx_hal.o
                0x20000000                uwTickFreq
 *fill*         0x20000001        0x3 
 .data.uwTickPrio
                0x20000004        0x4 build/debug/stm32c0xx_hal.o
                0x20000004                uwTickPrio
 .data.SystemCoreClock
                0x20000008        0x4 build/debug/system_stm32c0xx.o
                0x20000008                SystemCoreClock
 .data._impure_ptr
                0x2000000c        0x4 c:/Users/micha/AppData/Roaming/Code/User/globalStorage/bmd.stm32-for-vscode/@xpack-dev-tools/arm-none-eabi-gcc/14.2.1-1.1.1/.content/bin/../lib/gcc/arm-none-eabi/14.2.1/../../../../arm-none-eabi/lib/thumb/v6-m/nofp\libc_nano.a(libc_a-impure.o)
                0x2000000c                _impure_ptr
 .data._impure_data
                0x20000010       0x4c c:/Users/micha/AppData/Roaming/Code/User/globalStorage/bmd.stm32-for-vscode/@xpack-dev-tools/arm-none-eabi-gcc/14.2.1-1.1.1/.content/bin/../lib/gcc/arm-none-eabi/14.2.1/../../../../arm-none-eabi/lib/thumb/v6-m/nofp\libc_nano.a(libc_a-impure.o)
                0x20000010                _impure_data
 *(.RamFunc)
 *(.RamFunc*)
                0x2000005c                        . = ALIGN (0x4)
                0x2000005c                        _edata = .

.igot.plt       0x2000005c        0x0 load address 0x08002bdc
 .igot.plt      0x2000005c        0x0 c:/Users/micha/AppData/Roaming/Code/User/globalStorage/bmd.stm32-for-vscode/@xpack-dev-tools/arm-none-eabi-gcc/14.2.1-1.1.1/.content/bin/../lib/gcc/arm-none-eabi/14.2.1/thumb/v6-m/nofp/crtbegin.o
                0x2000005c                        . = ALIGN (0x4)

.bss            0x2000005c      0x2cc load address 0x08002bdc
                0x2000005c                        _sbss = .
                0x2000005c                        __bss_start__ = _sbss
 *(.bss)
 *(.bss*)
 .bss.completed.1
                0x2000005c        0x1 c:/Users/micha/AppData/Roaming/Code/User/globalStorage/bmd.stm32-for-vscode/@xpack-dev-tools/arm-none-eabi-gcc/14.2.1-1.1.1/.content/bin/../lib/gcc/arm-none-eabi/14.2.1/thumb/v6-m/nofp/crtbegin.o
 *fill*         0x2000005d        0x3 
 .bss.object.0  0x20000060       0x18 c:/Users/micha/AppData/Roaming/Code/User/globalStorage/bmd.stm32-for-vscode/@xpack-dev-tools/arm-none-eabi-gcc/14.2.1-1.1.1/.content/bin/../lib/gcc/arm-none-eabi/14.2.1/thumb/v6-m/nofp/crtbegin.o
 .bss.huart2    0x20000078       0x94 build/debug/main.o
                0x20000078                huart2
 .bss.hdma_adc1
                0x2000010c       0x5c build/debug/main.o
                0x2000010c                hdma_adc1
 .bss.hadc1     0x20000168       0x64 build/debug/main.o
                0x20000168                hadc1
 .bss.uwTick    0x200001cc        0x4 build/debug/stm32c0xx_hal.o
                0x200001cc                uwTick
 .bss.hpb_exti  0x200001d0        0xc build/debug/stm32c0xx_nucleo.o
                0x200001d0                hpb_exti
 .bss.__sbrk_heap_end
                0x200001dc        0x4 build/debug/sysmem.o
 .bss.__sf      0x200001e0      0x138 c:/Users/micha/AppData/Roaming/Code/User/globalStorage/bmd.stm32-for-vscode/@xpack-dev-tools/arm-none-eabi-gcc/14.2.1-1.1.1/.content/bin/../lib/gcc/arm-none-eabi/14.2.1/../../../../arm-none-eabi/lib/thumb/v6-m/nofp\libc_nano.a(libc_a-findfp.o)
                0x200001e0                __sf
 .bss.errno     0x20000318        0x4 c:/Users/micha/AppData/Roaming/Code/User/globalStorage/bmd.stm32-for-vscode/@xpack-dev-tools/arm-none-eabi-gcc/14.2.1-1.1.1/.content/bin/../lib/gcc/arm-none-eabi/14.2.1/../../../../arm-none-eabi/lib/thumb/v6-m/nofp\libc_nano.a(libc_a-reent.o)
                0x20000318                errno
 .bss.__lock___malloc_recursive_mutex
                0x2000031c        0x1 c:/Users/micha/AppData/Roaming/Code/User/globalStorage/bmd.stm32-for-vscode/@xpack-dev-tools/arm-none-eabi-gcc/14.2.1-1.1.1/.content/bin/../lib/gcc/arm-none-eabi/14.2.1/../../../../arm-none-eabi/lib/thumb/v6-m/nofp\libc_nano.a(libc_a-lock.o)
                0x2000031c                __lock___malloc_recursive_mutex
 *fill*         0x2000031d        0x3 
 .bss.__malloc_sbrk_start
                0x20000320        0x4 c:/Users/micha/AppData/Roaming/Code/User/globalStorage/bmd.stm32-for-vscode/@xpack-dev-tools/arm-none-eabi-gcc/14.2.1-1.1.1/.content/bin/../lib/gcc/arm-none-eabi/14.2.1/../../../../arm-none-eabi/lib/thumb/v6-m/nofp\libc_nano.a(libc_a-mallocr.o)
                0x20000320                __malloc_sbrk_start
 .bss.__malloc_free_list
                0x20000324        0x4 c:/Users/micha/AppData/Roaming/Code/User/globalStorage/bmd.stm32-for-vscode/@xpack-dev-tools/arm-none-eabi-gcc/14.2.1-1.1.1/.content/bin/../lib/gcc/arm-none-eabi/14.2.1/../../../../arm-none-eabi/lib/thumb/v6-m/nofp\libc_nano.a(libc_a-mallocr.o)
                0x20000324                __malloc_free_list
 *(COMMON)
                0x20000328                        . = ALIGN (0x4)
                0x20000328                        _ebss = .
                0x20000328                        __bss_end__ = _ebss

._user_heap_stack
                0x20000328      0x600 load address 0x08002bdc
                0x20000328                        . = ALIGN (0x8)
                [!provide]                        PROVIDE (end = .)
                0x20000328                        PROVIDE (_end = .)
                0x20000528                        . = (. + _Min_Heap_Size)
 *fill*         0x20000328      0x200 
                0x20000928                        . = (. + _Min_Stack_Size)
 *fill*         0x20000528      0x400 
                0x20000928                        . = ALIGN (0x8)

/DISCARD/
 libc.a(*)
 libm.a(*)
 libgcc.a(*)
OUTPUT(build/debug/Prova.elf elf32-littlearm)
LOAD linker stubs
LOAD c:/Users/micha/AppData/Roaming/Code/User/globalStorage/bmd.stm32-for-vscode/@xpack-dev-tools/arm-none-eabi-gcc/14.2.1-1.1.1/.content/bin/../lib/gcc/arm-none-eabi/14.2.1/../../../../arm-none-eabi/lib/thumb/v6-m/nofp\libc.a
LOAD c:/Users/micha/AppData/Roaming/Code/User/globalStorage/bmd.stm32-for-vscode/@xpack-dev-tools/arm-none-eabi-gcc/14.2.1-1.1.1/.content/bin/../lib/gcc/arm-none-eabi/14.2.1/../../../../arm-none-eabi/lib/thumb/v6-m/nofp\libm.a
LOAD c:/Users/micha/AppData/Roaming/Code/User/globalStorage/bmd.stm32-for-vscode/@xpack-dev-tools/arm-none-eabi-gcc/14.2.1-1.1.1/.content/bin/../lib/gcc/arm-none-eabi/14.2.1/thumb/v6-m/nofp\libgcc.a

.ARM.attributes
                0x00000000       0x28
 .ARM.attributes
                0x00000000       0x1e c:/Users/micha/AppData/Roaming/Code/User/globalStorage/bmd.stm32-for-vscode/@xpack-dev-tools/arm-none-eabi-gcc/14.2.1-1.1.1/.content/bin/../lib/gcc/arm-none-eabi/14.2.1/thumb/v6-m/nofp/crti.o
 .ARM.attributes
                0x0000001e       0x2c c:/Users/micha/AppData/Roaming/Code/User/globalStorage/bmd.stm32-for-vscode/@xpack-dev-tools/arm-none-eabi-gcc/14.2.1-1.1.1/.content/bin/../lib/gcc/arm-none-eabi/14.2.1/thumb/v6-m/nofp/crtbegin.o
 .ARM.attributes
                0x0000004a       0x2c build/debug/main.o
 .ARM.attributes
                0x00000076       0x2c build/debug/stm32c0xx_hal.o
 .ARM.attributes
                0x000000a2       0x2c build/debug/stm32c0xx_hal_adc.o
 .ARM.attributes
                0x000000ce       0x2c build/debug/stm32c0xx_hal_cortex.o
 .ARM.attributes
                0x000000fa       0x2c build/debug/stm32c0xx_hal_dma.o
 .ARM.attributes
                0x00000126       0x2c build/debug/stm32c0xx_hal_exti.o
 .ARM.attributes
                0x00000152       0x2c build/debug/stm32c0xx_hal_gpio.o
 .ARM.attributes
                0x0000017e       0x2c build/debug/stm32c0xx_hal_msp.o
 .ARM.attributes
                0x000001aa       0x2c build/debug/stm32c0xx_hal_rcc.o
 .ARM.attributes
                0x000001d6       0x2c build/debug/stm32c0xx_hal_rcc_ex.o
 .ARM.attributes
                0x00000202       0x2c build/debug/stm32c0xx_hal_uart.o
 .ARM.attributes
                0x0000022e       0x2c build/debug/stm32c0xx_it.o
 .ARM.attributes
                0x0000025a       0x2c build/debug/stm32c0xx_nucleo.o
 .ARM.attributes
                0x00000286       0x2c build/debug/sysmem.o
 .ARM.attributes
                0x000002b2       0x2c build/debug/system_stm32c0xx.o
 .ARM.attributes
                0x000002de       0x22 build/debug/startup_stm32c031xx.o
 .ARM.attributes
                0x00000300       0x2c c:/Users/micha/AppData/Roaming/Code/User/globalStorage/bmd.stm32-for-vscode/@xpack-dev-tools/arm-none-eabi-gcc/14.2.1-1.1.1/.content/bin/../lib/gcc/arm-none-eabi/14.2.1/../../../../arm-none-eabi/lib/thumb/v6-m/nofp\libc_nano.a(libc_a-findfp.o)
 .ARM.attributes
                0x0000032c       0x2c c:/Users/micha/AppData/Roaming/Code/User/globalStorage/bmd.stm32-for-vscode/@xpack-dev-tools/arm-none-eabi-gcc/14.2.1-1.1.1/.content/bin/../lib/gcc/arm-none-eabi/14.2.1/../../../../arm-none-eabi/lib/thumb/v6-m/nofp\libc_nano.a(libc_a-sprintf.o)
 .ARM.attributes
                0x00000358       0x2c c:/Users/micha/AppData/Roaming/Code/User/globalStorage/bmd.stm32-for-vscode/@xpack-dev-tools/arm-none-eabi-gcc/14.2.1-1.1.1/.content/bin/../lib/gcc/arm-none-eabi/14.2.1/../../../../arm-none-eabi/lib/thumb/v6-m/nofp\libc_nano.a(libc_a-memset.o)
 .ARM.attributes
                0x00000384       0x2c c:/Users/micha/AppData/Roaming/Code/User/globalStorage/bmd.stm32-for-vscode/@xpack-dev-tools/arm-none-eabi-gcc/14.2.1-1.1.1/.content/bin/../lib/gcc/arm-none-eabi/14.2.1/../../../../arm-none-eabi/lib/thumb/v6-m/nofp\libc_nano.a(libc_a-reent.o)
 .ARM.attributes
                0x000003b0       0x2c c:/Users/micha/AppData/Roaming/Code/User/globalStorage/bmd.stm32-for-vscode/@xpack-dev-tools/arm-none-eabi-gcc/14.2.1-1.1.1/.content/bin/../lib/gcc/arm-none-eabi/14.2.1/../../../../arm-none-eabi/lib/thumb/v6-m/nofp\libc_nano.a(libc_a-impure.o)
 .ARM.attributes
                0x000003dc       0x2c c:/Users/micha/AppData/Roaming/Code/User/globalStorage/bmd.stm32-for-vscode/@xpack-dev-tools/arm-none-eabi-gcc/14.2.1-1.1.1/.content/bin/../lib/gcc/arm-none-eabi/14.2.1/../../../../arm-none-eabi/lib/thumb/v6-m/nofp\libc_nano.a(libc_a-errno.o)
 .ARM.attributes
                0x00000408       0x2c c:/Users/micha/AppData/Roaming/Code/User/globalStorage/bmd.stm32-for-vscode/@xpack-dev-tools/arm-none-eabi-gcc/14.2.1-1.1.1/.content/bin/../lib/gcc/arm-none-eabi/14.2.1/../../../../arm-none-eabi/lib/thumb/v6-m/nofp\libc_nano.a(libc_a-init.o)
 .ARM.attributes
                0x00000434       0x2c c:/Users/micha/AppData/Roaming/Code/User/globalStorage/bmd.stm32-for-vscode/@xpack-dev-tools/arm-none-eabi-gcc/14.2.1-1.1.1/.content/bin/../lib/gcc/arm-none-eabi/14.2.1/../../../../arm-none-eabi/lib/thumb/v6-m/nofp\libc_nano.a(libc_a-lock.o)
 .ARM.attributes
                0x00000460       0x1c c:/Users/micha/AppData/Roaming/Code/User/globalStorage/bmd.stm32-for-vscode/@xpack-dev-tools/arm-none-eabi-gcc/14.2.1-1.1.1/.content/bin/../lib/gcc/arm-none-eabi/14.2.1/../../../../arm-none-eabi/lib/thumb/v6-m/nofp\libc_nano.a(libc_a-strlen.o)
 .ARM.attributes
                0x0000047c       0x2c c:/Users/micha/AppData/Roaming/Code/User/globalStorage/bmd.stm32-for-vscode/@xpack-dev-tools/arm-none-eabi-gcc/14.2.1-1.1.1/.content/bin/../lib/gcc/arm-none-eabi/14.2.1/../../../../arm-none-eabi/lib/thumb/v6-m/nofp\libc_nano.a(libc_a-freer.o)
 .ARM.attributes
                0x000004a8       0x2c c:/Users/micha/AppData/Roaming/Code/User/globalStorage/bmd.stm32-for-vscode/@xpack-dev-tools/arm-none-eabi-gcc/14.2.1-1.1.1/.content/bin/../lib/gcc/arm-none-eabi/14.2.1/../../../../arm-none-eabi/lib/thumb/v6-m/nofp\libc_nano.a(libc_a-mallocr.o)
 .ARM.attributes
                0x000004d4       0x2c c:/Users/micha/AppData/Roaming/Code/User/globalStorage/bmd.stm32-for-vscode/@xpack-dev-tools/arm-none-eabi-gcc/14.2.1-1.1.1/.content/bin/../lib/gcc/arm-none-eabi/14.2.1/../../../../arm-none-eabi/lib/thumb/v6-m/nofp\libc_nano.a(libc_a-mlock.o)
 .ARM.attributes
                0x00000500       0x2c c:/Users/micha/AppData/Roaming/Code/User/globalStorage/bmd.stm32-for-vscode/@xpack-dev-tools/arm-none-eabi-gcc/14.2.1-1.1.1/.content/bin/../lib/gcc/arm-none-eabi/14.2.1/../../../../arm-none-eabi/lib/thumb/v6-m/nofp\libc_nano.a(libc_a-nano-svfprintf.o)
 .ARM.attributes
                0x0000052c       0x2c c:/Users/micha/AppData/Roaming/Code/User/globalStorage/bmd.stm32-for-vscode/@xpack-dev-tools/arm-none-eabi-gcc/14.2.1-1.1.1/.content/bin/../lib/gcc/arm-none-eabi/14.2.1/../../../../arm-none-eabi/lib/thumb/v6-m/nofp\libc_nano.a(libc_a-nano-vfprintf_i.o)
 .ARM.attributes
                0x00000558       0x2c c:/Users/micha/AppData/Roaming/Code/User/globalStorage/bmd.stm32-for-vscode/@xpack-dev-tools/arm-none-eabi-gcc/14.2.1-1.1.1/.content/bin/../lib/gcc/arm-none-eabi/14.2.1/../../../../arm-none-eabi/lib/thumb/v6-m/nofp\libc_nano.a(libc_a-memmove.o)
 .ARM.attributes
                0x00000584       0x2c c:/Users/micha/AppData/Roaming/Code/User/globalStorage/bmd.stm32-for-vscode/@xpack-dev-tools/arm-none-eabi-gcc/14.2.1-1.1.1/.content/bin/../lib/gcc/arm-none-eabi/14.2.1/../../../../arm-none-eabi/lib/thumb/v6-m/nofp\libc_nano.a(libc_a-sbrkr.o)
 .ARM.attributes
                0x000005b0       0x2c c:/Users/micha/AppData/Roaming/Code/User/globalStorage/bmd.stm32-for-vscode/@xpack-dev-tools/arm-none-eabi-gcc/14.2.1-1.1.1/.content/bin/../lib/gcc/arm-none-eabi/14.2.1/../../../../arm-none-eabi/lib/thumb/v6-m/nofp\libc_nano.a(libc_a-memchr-stub.o)
 .ARM.attributes
                0x000005dc       0x2c c:/Users/micha/AppData/Roaming/Code/User/globalStorage/bmd.stm32-for-vscode/@xpack-dev-tools/arm-none-eabi-gcc/14.2.1-1.1.1/.content/bin/../lib/gcc/arm-none-eabi/14.2.1/../../../../arm-none-eabi/lib/thumb/v6-m/nofp\libc_nano.a(libc_a-memcpy-stub.o)
 .ARM.attributes
                0x00000608       0x2c c:/Users/micha/AppData/Roaming/Code/User/globalStorage/bmd.stm32-for-vscode/@xpack-dev-tools/arm-none-eabi-gcc/14.2.1-1.1.1/.content/bin/../lib/gcc/arm-none-eabi/14.2.1/../../../../arm-none-eabi/lib/thumb/v6-m/nofp\libc_nano.a(libc_a-reallocr.o)
 .ARM.attributes
                0x00000634       0x2c c:/Users/micha/AppData/Roaming/Code/User/globalStorage/bmd.stm32-for-vscode/@xpack-dev-tools/arm-none-eabi-gcc/14.2.1-1.1.1/.content/bin/../lib/gcc/arm-none-eabi/14.2.1/../../../../arm-none-eabi/lib/thumb/v6-m/nofp\libc_nano.a(libc_a-msizer.o)
 .ARM.attributes
                0x00000660       0x1e c:/Users/micha/AppData/Roaming/Code/User/globalStorage/bmd.stm32-for-vscode/@xpack-dev-tools/arm-none-eabi-gcc/14.2.1-1.1.1/.content/bin/../lib/gcc/arm-none-eabi/14.2.1/thumb/v6-m/nofp\libgcc.a(_thumb1_case_shi.o)
 .ARM.attributes
                0x0000067e       0x1e c:/Users/micha/AppData/Roaming/Code/User/globalStorage/bmd.stm32-for-vscode/@xpack-dev-tools/arm-none-eabi-gcc/14.2.1-1.1.1/.content/bin/../lib/gcc/arm-none-eabi/14.2.1/thumb/v6-m/nofp\libgcc.a(_udivsi3.o)
 .ARM.attributes
                0x0000069c       0x1e c:/Users/micha/AppData/Roaming/Code/User/globalStorage/bmd.stm32-for-vscode/@xpack-dev-tools/arm-none-eabi-gcc/14.2.1-1.1.1/.content/bin/../lib/gcc/arm-none-eabi/14.2.1/thumb/v6-m/nofp\libgcc.a(_dvmd_tls.o)
 .ARM.attributes
                0x000006ba       0x1e c:/Users/micha/AppData/Roaming/Code/User/globalStorage/bmd.stm32-for-vscode/@xpack-dev-tools/arm-none-eabi-gcc/14.2.1-1.1.1/.content/bin/../lib/gcc/arm-none-eabi/14.2.1/thumb/v6-m/nofp/crtn.o

.comment        0x00000000       0x39
 .comment       0x00000000       0x39 c:/Users/micha/AppData/Roaming/Code/User/globalStorage/bmd.stm32-for-vscode/@xpack-dev-tools/arm-none-eabi-gcc/14.2.1-1.1.1/.content/bin/../lib/gcc/arm-none-eabi/14.2.1/thumb/v6-m/nofp/crtbegin.o
                                 0x3a (size before relaxing)
 .comment       0x00000039       0x3a build/debug/main.o
 .comment       0x00000039       0x3a build/debug/stm32c0xx_hal.o
 .comment       0x00000039       0x3a build/debug/stm32c0xx_hal_adc.o
 .comment       0x00000039       0x3a build/debug/stm32c0xx_hal_cortex.o
 .comment       0x00000039       0x3a build/debug/stm32c0xx_hal_dma.o
 .comment       0x00000039       0x3a build/debug/stm32c0xx_hal_exti.o
 .comment       0x00000039       0x3a build/debug/stm32c0xx_hal_gpio.o
 .comment       0x00000039       0x3a build/debug/stm32c0xx_hal_msp.o
 .comment       0x00000039       0x3a build/debug/stm32c0xx_hal_rcc.o
 .comment       0x00000039       0x3a build/debug/stm32c0xx_hal_rcc_ex.o
 .comment       0x00000039       0x3a build/debug/stm32c0xx_hal_uart.o
 .comment       0x00000039       0x3a build/debug/stm32c0xx_it.o
 .comment       0x00000039       0x3a build/debug/stm32c0xx_nucleo.o
 .comment       0x00000039       0x3a build/debug/sysmem.o
 .comment       0x00000039       0x3a build/debug/system_stm32c0xx.o
 .comment       0x00000039       0x3a c:/Users/micha/AppData/Roaming/Code/User/globalStorage/bmd.stm32-for-vscode/@xpack-dev-tools/arm-none-eabi-gcc/14.2.1-1.1.1/.content/bin/../lib/gcc/arm-none-eabi/14.2.1/../../../../arm-none-eabi/lib/thumb/v6-m/nofp\libc_nano.a(libc_a-findfp.o)
 .comment       0x00000039       0x3a c:/Users/micha/AppData/Roaming/Code/User/globalStorage/bmd.stm32-for-vscode/@xpack-dev-tools/arm-none-eabi-gcc/14.2.1-1.1.1/.content/bin/../lib/gcc/arm-none-eabi/14.2.1/../../../../arm-none-eabi/lib/thumb/v6-m/nofp\libc_nano.a(libc_a-sprintf.o)
 .comment       0x00000039       0x3a c:/Users/micha/AppData/Roaming/Code/User/globalStorage/bmd.stm32-for-vscode/@xpack-dev-tools/arm-none-eabi-gcc/14.2.1-1.1.1/.content/bin/../lib/gcc/arm-none-eabi/14.2.1/../../../../arm-none-eabi/lib/thumb/v6-m/nofp\libc_nano.a(libc_a-memset.o)
 .comment       0x00000039       0x3a c:/Users/micha/AppData/Roaming/Code/User/globalStorage/bmd.stm32-for-vscode/@xpack-dev-tools/arm-none-eabi-gcc/14.2.1-1.1.1/.content/bin/../lib/gcc/arm-none-eabi/14.2.1/../../../../arm-none-eabi/lib/thumb/v6-m/nofp\libc_nano.a(libc_a-reent.o)
 .comment       0x00000039       0x3a c:/Users/micha/AppData/Roaming/Code/User/globalStorage/bmd.stm32-for-vscode/@xpack-dev-tools/arm-none-eabi-gcc/14.2.1-1.1.1/.content/bin/../lib/gcc/arm-none-eabi/14.2.1/../../../../arm-none-eabi/lib/thumb/v6-m/nofp\libc_nano.a(libc_a-impure.o)
 .comment       0x00000039       0x3a c:/Users/micha/AppData/Roaming/Code/User/globalStorage/bmd.stm32-for-vscode/@xpack-dev-tools/arm-none-eabi-gcc/14.2.1-1.1.1/.content/bin/../lib/gcc/arm-none-eabi/14.2.1/../../../../arm-none-eabi/lib/thumb/v6-m/nofp\libc_nano.a(libc_a-errno.o)
 .comment       0x00000039       0x3a c:/Users/micha/AppData/Roaming/Code/User/globalStorage/bmd.stm32-for-vscode/@xpack-dev-tools/arm-none-eabi-gcc/14.2.1-1.1.1/.content/bin/../lib/gcc/arm-none-eabi/14.2.1/../../../../arm-none-eabi/lib/thumb/v6-m/nofp\libc_nano.a(libc_a-init.o)
 .comment       0x00000039       0x3a c:/Users/micha/AppData/Roaming/Code/User/globalStorage/bmd.stm32-for-vscode/@xpack-dev-tools/arm-none-eabi-gcc/14.2.1-1.1.1/.content/bin/../lib/gcc/arm-none-eabi/14.2.1/../../../../arm-none-eabi/lib/thumb/v6-m/nofp\libc_nano.a(libc_a-lock.o)
 .comment       0x00000039       0x3a c:/Users/micha/AppData/Roaming/Code/User/globalStorage/bmd.stm32-for-vscode/@xpack-dev-tools/arm-none-eabi-gcc/14.2.1-1.1.1/.content/bin/../lib/gcc/arm-none-eabi/14.2.1/../../../../arm-none-eabi/lib/thumb/v6-m/nofp\libc_nano.a(libc_a-freer.o)
 .comment       0x00000039       0x3a c:/Users/micha/AppData/Roaming/Code/User/globalStorage/bmd.stm32-for-vscode/@xpack-dev-tools/arm-none-eabi-gcc/14.2.1-1.1.1/.content/bin/../lib/gcc/arm-none-eabi/14.2.1/../../../../arm-none-eabi/lib/thumb/v6-m/nofp\libc_nano.a(libc_a-mallocr.o)
 .comment       0x00000039       0x3a c:/Users/micha/AppData/Roaming/Code/User/globalStorage/bmd.stm32-for-vscode/@xpack-dev-tools/arm-none-eabi-gcc/14.2.1-1.1.1/.content/bin/../lib/gcc/arm-none-eabi/14.2.1/../../../../arm-none-eabi/lib/thumb/v6-m/nofp\libc_nano.a(libc_a-mlock.o)
 .comment       0x00000039       0x3a c:/Users/micha/AppData/Roaming/Code/User/globalStorage/bmd.stm32-for-vscode/@xpack-dev-tools/arm-none-eabi-gcc/14.2.1-1.1.1/.content/bin/../lib/gcc/arm-none-eabi/14.2.1/../../../../arm-none-eabi/lib/thumb/v6-m/nofp\libc_nano.a(libc_a-nano-svfprintf.o)
 .comment       0x00000039       0x3a c:/Users/micha/AppData/Roaming/Code/User/globalStorage/bmd.stm32-for-vscode/@xpack-dev-tools/arm-none-eabi-gcc/14.2.1-1.1.1/.content/bin/../lib/gcc/arm-none-eabi/14.2.1/../../../../arm-none-eabi/lib/thumb/v6-m/nofp\libc_nano.a(libc_a-nano-vfprintf_i.o)
 .comment       0x00000039       0x3a c:/Users/micha/AppData/Roaming/Code/User/globalStorage/bmd.stm32-for-vscode/@xpack-dev-tools/arm-none-eabi-gcc/14.2.1-1.1.1/.content/bin/../lib/gcc/arm-none-eabi/14.2.1/../../../../arm-none-eabi/lib/thumb/v6-m/nofp\libc_nano.a(libc_a-memmove.o)
 .comment       0x00000039       0x3a c:/Users/micha/AppData/Roaming/Code/User/globalStorage/bmd.stm32-for-vscode/@xpack-dev-tools/arm-none-eabi-gcc/14.2.1-1.1.1/.content/bin/../lib/gcc/arm-none-eabi/14.2.1/../../../../arm-none-eabi/lib/thumb/v6-m/nofp\libc_nano.a(libc_a-sbrkr.o)
 .comment       0x00000039       0x3a c:/Users/micha/AppData/Roaming/Code/User/globalStorage/bmd.stm32-for-vscode/@xpack-dev-tools/arm-none-eabi-gcc/14.2.1-1.1.1/.content/bin/../lib/gcc/arm-none-eabi/14.2.1/../../../../arm-none-eabi/lib/thumb/v6-m/nofp\libc_nano.a(libc_a-memchr-stub.o)
 .comment       0x00000039       0x3a c:/Users/micha/AppData/Roaming/Code/User/globalStorage/bmd.stm32-for-vscode/@xpack-dev-tools/arm-none-eabi-gcc/14.2.1-1.1.1/.content/bin/../lib/gcc/arm-none-eabi/14.2.1/../../../../arm-none-eabi/lib/thumb/v6-m/nofp\libc_nano.a(libc_a-memcpy-stub.o)
 .comment       0x00000039       0x3a c:/Users/micha/AppData/Roaming/Code/User/globalStorage/bmd.stm32-for-vscode/@xpack-dev-tools/arm-none-eabi-gcc/14.2.1-1.1.1/.content/bin/../lib/gcc/arm-none-eabi/14.2.1/../../../../arm-none-eabi/lib/thumb/v6-m/nofp\libc_nano.a(libc_a-reallocr.o)
 .comment       0x00000039       0x3a c:/Users/micha/AppData/Roaming/Code/User/globalStorage/bmd.stm32-for-vscode/@xpack-dev-tools/arm-none-eabi-gcc/14.2.1-1.1.1/.content/bin/../lib/gcc/arm-none-eabi/14.2.1/../../../../arm-none-eabi/lib/thumb/v6-m/nofp\libc_nano.a(libc_a-msizer.o)

.debug_info     0x00000000     0xfbfb
 .debug_info    0x00000000     0x1571 build/debug/main.o
 .debug_info    0x00001571      0x907 build/debug/stm32c0xx_hal.o
 .debug_info    0x00001e78     0x2269 build/debug/stm32c0xx_hal_adc.o
 .debug_info    0x000040e1      0x9cb build/debug/stm32c0xx_hal_cortex.o
 .debug_info    0x00004aac      0x9d0 build/debug/stm32c0xx_hal_dma.o
 .debug_info    0x0000547c      0x70e build/debug/stm32c0xx_hal_exti.o
 .debug_info    0x00005b8a      0x607 build/debug/stm32c0xx_hal_gpio.o
 .debug_info    0x00006191     0x106c build/debug/stm32c0xx_hal_msp.o
 .debug_info    0x000071fd      0xaf8 build/debug/stm32c0xx_hal_rcc.o
 .debug_info    0x00007cf5      0x60f build/debug/stm32c0xx_hal_rcc_ex.o
 .debug_info    0x00008304     0x60e1 build/debug/stm32c0xx_hal_uart.o
 .debug_info    0x0000e3e5      0x479 build/debug/stm32c0xx_it.o
 .debug_info    0x0000e85e      0xdcc build/debug/stm32c0xx_nucleo.o
 .debug_info    0x0000f62a      0x17b build/debug/sysmem.o
 .debug_info    0x0000f7a5      0x37b build/debug/system_stm32c0xx.o
 .debug_info    0x0000fb20       0x30 build/debug/startup_stm32c031xx.o
 .debug_info    0x0000fb50       0x31 c:/Users/micha/AppData/Roaming/Code/User/globalStorage/bmd.stm32-for-vscode/@xpack-dev-tools/arm-none-eabi-gcc/14.2.1-1.1.1/.content/bin/../lib/gcc/arm-none-eabi/14.2.1/thumb/v6-m/nofp\libgcc.a(_thumb1_case_shi.o)
 .debug_info    0x0000fb81       0x3e c:/Users/micha/AppData/Roaming/Code/User/globalStorage/bmd.stm32-for-vscode/@xpack-dev-tools/arm-none-eabi-gcc/14.2.1-1.1.1/.content/bin/../lib/gcc/arm-none-eabi/14.2.1/thumb/v6-m/nofp\libgcc.a(_udivsi3.o)
 .debug_info    0x0000fbbf       0x3c c:/Users/micha/AppData/Roaming/Code/User/globalStorage/bmd.stm32-for-vscode/@xpack-dev-tools/arm-none-eabi-gcc/14.2.1-1.1.1/.content/bin/../lib/gcc/arm-none-eabi/14.2.1/thumb/v6-m/nofp\libgcc.a(_dvmd_tls.o)

.debug_abbrev   0x00000000     0x238c
 .debug_abbrev  0x00000000      0x306 build/debug/main.o
 .debug_abbrev  0x00000306      0x30c build/debug/stm32c0xx_hal.o
 .debug_abbrev  0x00000612      0x2fb build/debug/stm32c0xx_hal_adc.o
 .debug_abbrev  0x0000090d      0x315 build/debug/stm32c0xx_hal_cortex.o
 .debug_abbrev  0x00000c22      0x1e7 build/debug/stm32c0xx_hal_dma.o
 .debug_abbrev  0x00000e09      0x181 build/debug/stm32c0xx_hal_exti.o
 .debug_abbrev  0x00000f8a      0x207 build/debug/stm32c0xx_hal_gpio.o
 .debug_abbrev  0x00001191      0x205 build/debug/stm32c0xx_hal_msp.o
 .debug_abbrev  0x00001396      0x2c1 build/debug/stm32c0xx_hal_rcc.o
 .debug_abbrev  0x00001657      0x297 build/debug/stm32c0xx_hal_rcc_ex.o
 .debug_abbrev  0x000018ee      0x375 build/debug/stm32c0xx_hal_uart.o
 .debug_abbrev  0x00001c63      0x152 build/debug/stm32c0xx_it.o
 .debug_abbrev  0x00001db5      0x328 build/debug/stm32c0xx_nucleo.o
 .debug_abbrev  0x000020dd       0xe9 build/debug/sysmem.o
 .debug_abbrev  0x000021c6      0x12c build/debug/system_stm32c0xx.o
 .debug_abbrev  0x000022f2       0x24 build/debug/startup_stm32c031xx.o
 .debug_abbrev  0x00002316       0x28 c:/Users/micha/AppData/Roaming/Code/User/globalStorage/bmd.stm32-for-vscode/@xpack-dev-tools/arm-none-eabi-gcc/14.2.1-1.1.1/.content/bin/../lib/gcc/arm-none-eabi/14.2.1/thumb/v6-m/nofp\libgcc.a(_thumb1_case_shi.o)
 .debug_abbrev  0x0000233e       0x28 c:/Users/micha/AppData/Roaming/Code/User/globalStorage/bmd.stm32-for-vscode/@xpack-dev-tools/arm-none-eabi-gcc/14.2.1-1.1.1/.content/bin/../lib/gcc/arm-none-eabi/14.2.1/thumb/v6-m/nofp\libgcc.a(_udivsi3.o)
 .debug_abbrev  0x00002366       0x26 c:/Users/micha/AppData/Roaming/Code/User/globalStorage/bmd.stm32-for-vscode/@xpack-dev-tools/arm-none-eabi-gcc/14.2.1-1.1.1/.content/bin/../lib/gcc/arm-none-eabi/14.2.1/thumb/v6-m/nofp\libgcc.a(_dvmd_tls.o)

.debug_loclists
                0x00000000     0x5fc2
 .debug_loclists
                0x00000000       0x34 build/debug/main.o
 .debug_loclists
                0x00000034      0x19a build/debug/stm32c0xx_hal.o
 .debug_loclists
                0x000001ce     0x1050 build/debug/stm32c0xx_hal_adc.o
 .debug_loclists
                0x0000121e      0x225 build/debug/stm32c0xx_hal_cortex.o
 .debug_loclists
                0x00001443      0x696 build/debug/stm32c0xx_hal_dma.o
 .debug_loclists
                0x00001ad9      0x82f build/debug/stm32c0xx_hal_exti.o
 .debug_loclists
                0x00002308      0x307 build/debug/stm32c0xx_hal_gpio.o
 .debug_loclists
                0x0000260f       0xc9 build/debug/stm32c0xx_hal_msp.o
 .debug_loclists
                0x000026d8      0x46f build/debug/stm32c0xx_hal_rcc.o
 .debug_loclists
                0x00002b47      0x4b6 build/debug/stm32c0xx_hal_rcc_ex.o
 .debug_loclists
                0x00002ffd     0x2c6d build/debug/stm32c0xx_hal_uart.o
 .debug_loclists
                0x00005c6a      0x2c5 build/debug/stm32c0xx_nucleo.o
 .debug_loclists
                0x00005f2f       0x6d build/debug/sysmem.o
 .debug_loclists
                0x00005f9c       0x26 build/debug/system_stm32c0xx.o

.debug_aranges  0x00000000      0x978
 .debug_aranges
                0x00000000       0x50 build/debug/main.o
 .debug_aranges
                0x00000050       0xf0 build/debug/stm32c0xx_hal.o
 .debug_aranges
                0x00000140      0x118 build/debug/stm32c0xx_hal_adc.o
 .debug_aranges
                0x00000258       0xc0 build/debug/stm32c0xx_hal_cortex.o
 .debug_aranges
                0x00000318       0x90 build/debug/stm32c0xx_hal_dma.o
 .debug_aranges
                0x000003a8       0x60 build/debug/stm32c0xx_hal_exti.o
 .debug_aranges
                0x00000408       0x68 build/debug/stm32c0xx_hal_gpio.o
 .debug_aranges
                0x00000470       0x40 build/debug/stm32c0xx_hal_msp.o
 .debug_aranges
                0x000004b0       0x90 build/debug/stm32c0xx_hal_rcc.o
 .debug_aranges
                0x00000540       0x40 build/debug/stm32c0xx_hal_rcc_ex.o
 .debug_aranges
                0x00000580      0x248 build/debug/stm32c0xx_hal_uart.o
 .debug_aranges
                0x000007c8       0x50 build/debug/stm32c0xx_it.o
 .debug_aranges
                0x00000818       0x90 build/debug/stm32c0xx_nucleo.o
 .debug_aranges
                0x000008a8       0x20 build/debug/sysmem.o
 .debug_aranges
                0x000008c8       0x28 build/debug/system_stm32c0xx.o
 .debug_aranges
                0x000008f0       0x28 build/debug/startup_stm32c031xx.o
 .debug_aranges
                0x00000918       0x20 c:/Users/micha/AppData/Roaming/Code/User/globalStorage/bmd.stm32-for-vscode/@xpack-dev-tools/arm-none-eabi-gcc/14.2.1-1.1.1/.content/bin/../lib/gcc/arm-none-eabi/14.2.1/thumb/v6-m/nofp\libgcc.a(_thumb1_case_shi.o)
 .debug_aranges
                0x00000938       0x20 c:/Users/micha/AppData/Roaming/Code/User/globalStorage/bmd.stm32-for-vscode/@xpack-dev-tools/arm-none-eabi-gcc/14.2.1-1.1.1/.content/bin/../lib/gcc/arm-none-eabi/14.2.1/thumb/v6-m/nofp\libgcc.a(_udivsi3.o)
 .debug_aranges
                0x00000958       0x20 c:/Users/micha/AppData/Roaming/Code/User/globalStorage/bmd.stm32-for-vscode/@xpack-dev-tools/arm-none-eabi-gcc/14.2.1-1.1.1/.content/bin/../lib/gcc/arm-none-eabi/14.2.1/thumb/v6-m/nofp\libgcc.a(_dvmd_tls.o)

.debug_rnglists
                0x00000000      0x7ff
 .debug_rnglists
                0x00000000       0x39 build/debug/main.o
 .debug_rnglists
                0x00000039       0xaf build/debug/stm32c0xx_hal.o
 .debug_rnglists
                0x000000e8      0x146 build/debug/stm32c0xx_hal_adc.o
 .debug_rnglists
                0x0000022e       0x97 build/debug/stm32c0xx_hal_cortex.o
 .debug_rnglists
                0x000002c5       0x6e build/debug/stm32c0xx_hal_dma.o
 .debug_rnglists
                0x00000333       0x46 build/debug/stm32c0xx_hal_exti.o
 .debug_rnglists
                0x00000379       0x4b build/debug/stm32c0xx_hal_gpio.o
 .debug_rnglists
                0x000003c4       0x2c build/debug/stm32c0xx_hal_msp.o
 .debug_rnglists
                0x000003f0       0x8a build/debug/stm32c0xx_hal_rcc.o
 .debug_rnglists
                0x0000047a       0x44 build/debug/stm32c0xx_hal_rcc_ex.o
 .debug_rnglists
                0x000004be      0x25c build/debug/stm32c0xx_hal_uart.o
 .debug_rnglists
                0x0000071a       0x37 build/debug/stm32c0xx_it.o
 .debug_rnglists
                0x00000751       0x69 build/debug/stm32c0xx_nucleo.o
 .debug_rnglists
                0x000007ba       0x13 build/debug/sysmem.o
 .debug_rnglists
                0x000007cd       0x19 build/debug/system_stm32c0xx.o
 .debug_rnglists
                0x000007e6       0x19 build/debug/startup_stm32c031xx.o

.debug_line     0x00000000     0xc183
 .debug_line    0x00000000      0x71d build/debug/main.o
 .debug_line    0x0000071d      0x690 build/debug/stm32c0xx_hal.o
 .debug_line    0x00000dad     0x1b5d build/debug/stm32c0xx_hal_adc.o
 .debug_line    0x0000290a      0x74d build/debug/stm32c0xx_hal_cortex.o
 .debug_line    0x00003057      0xbe0 build/debug/stm32c0xx_hal_dma.o
 .debug_line    0x00003c37      0x892 build/debug/stm32c0xx_hal_exti.o
 .debug_line    0x000044c9      0x7ae build/debug/stm32c0xx_hal_gpio.o
 .debug_line    0x00004c77      0x485 build/debug/stm32c0xx_hal_msp.o
 .debug_line    0x000050fc      0xbc3 build/debug/stm32c0xx_hal_rcc.o
 .debug_line    0x00005cbf      0x6aa build/debug/stm32c0xx_hal_rcc_ex.o
 .debug_line    0x00006369     0x4def build/debug/stm32c0xx_hal_uart.o
 .debug_line    0x0000b158      0x310 build/debug/stm32c0xx_it.o
 .debug_line    0x0000b468      0x63c build/debug/stm32c0xx_nucleo.o
 .debug_line    0x0000baa4      0x2c7 build/debug/sysmem.o
 .debug_line    0x0000bd6b      0x2ac build/debug/system_stm32c0xx.o
 .debug_line    0x0000c017       0x79 build/debug/startup_stm32c031xx.o
 .debug_line    0x0000c090       0x53 c:/Users/micha/AppData/Roaming/Code/User/globalStorage/bmd.stm32-for-vscode/@xpack-dev-tools/arm-none-eabi-gcc/14.2.1-1.1.1/.content/bin/../lib/gcc/arm-none-eabi/14.2.1/thumb/v6-m/nofp\libgcc.a(_thumb1_case_shi.o)
 .debug_line    0x0000c0e3       0x56 c:/Users/micha/AppData/Roaming/Code/User/globalStorage/bmd.stm32-for-vscode/@xpack-dev-tools/arm-none-eabi-gcc/14.2.1-1.1.1/.content/bin/../lib/gcc/arm-none-eabi/14.2.1/thumb/v6-m/nofp\libgcc.a(_udivsi3.o)
 .debug_line    0x0000c139       0x4a c:/Users/micha/AppData/Roaming/Code/User/globalStorage/bmd.stm32-for-vscode/@xpack-dev-tools/arm-none-eabi-gcc/14.2.1-1.1.1/.content/bin/../lib/gcc/arm-none-eabi/14.2.1/thumb/v6-m/nofp\libgcc.a(_dvmd_tls.o)

.debug_str      0x00000000     0x34e7
 .debug_str     0x00000000     0x34e7 build/debug/main.o
                                0xf48 (size before relaxing)
 .debug_str     0x000034e7      0x7a7 build/debug/stm32c0xx_hal.o
 .debug_str     0x000034e7      0xfb0 build/debug/stm32c0xx_hal_adc.o
 .debug_str     0x000034e7      0x6fa build/debug/stm32c0xx_hal_cortex.o
 .debug_str     0x000034e7      0x766 build/debug/stm32c0xx_hal_dma.o
 .debug_str     0x000034e7      0x42d build/debug/stm32c0xx_hal_exti.o
 .debug_str     0x000034e7      0x40c build/debug/stm32c0xx_hal_gpio.o
 .debug_str     0x000034e7      0xc0c build/debug/stm32c0xx_hal_msp.o
 .debug_str     0x000034e7      0x6cb build/debug/stm32c0xx_hal_rcc.o
 .debug_str     0x000034e7      0x500 build/debug/stm32c0xx_hal_rcc_ex.o
 .debug_str     0x000034e7     0x110c build/debug/stm32c0xx_hal_uart.o
 .debug_str     0x000034e7      0x51c build/debug/stm32c0xx_it.o
 .debug_str     0x000034e7      0x82a build/debug/stm32c0xx_nucleo.o
 .debug_str     0x000034e7      0x20c build/debug/sysmem.o
 .debug_str     0x000034e7      0x2cc build/debug/system_stm32c0xx.o
 .debug_str     0x000034e7       0x76 build/debug/startup_stm32c031xx.o
 .debug_str     0x000034e7      0x150 c:/Users/micha/AppData/Roaming/Code/User/globalStorage/bmd.stm32-for-vscode/@xpack-dev-tools/arm-none-eabi-gcc/14.2.1-1.1.1/.content/bin/../lib/gcc/arm-none-eabi/14.2.1/thumb/v6-m/nofp\libgcc.a(_thumb1_case_shi.o)
 .debug_str     0x000034e7      0x155 c:/Users/micha/AppData/Roaming/Code/User/globalStorage/bmd.stm32-for-vscode/@xpack-dev-tools/arm-none-eabi-gcc/14.2.1-1.1.1/.content/bin/../lib/gcc/arm-none-eabi/14.2.1/thumb/v6-m/nofp\libgcc.a(_udivsi3.o)
 .debug_str     0x000034e7      0x156 c:/Users/micha/AppData/Roaming/Code/User/globalStorage/bmd.stm32-for-vscode/@xpack-dev-tools/arm-none-eabi-gcc/14.2.1-1.1.1/.content/bin/../lib/gcc/arm-none-eabi/14.2.1/thumb/v6-m/nofp\libgcc.a(_dvmd_tls.o)

.debug_frame    0x00000000     0x1668
 .debug_frame   0x00000000       0xb8 build/debug/main.o
 .debug_frame   0x000000b8      0x1ec build/debug/stm32c0xx_hal.o
 .debug_frame   0x000002a4      0x2fc build/debug/stm32c0xx_hal_adc.o
 .debug_frame   0x000005a0      0x194 build/debug/stm32c0xx_hal_cortex.o
 .debug_frame   0x00000734      0x188 build/debug/stm32c0xx_hal_dma.o
 .debug_frame   0x000008bc       0xf0 build/debug/stm32c0xx_hal_exti.o
 .debug_frame   0x000009ac       0xe8 build/debug/stm32c0xx_hal_gpio.o
 .debug_frame   0x00000a94       0x8c build/debug/stm32c0xx_hal_msp.o
 .debug_frame   0x00000b20      0x168 build/debug/stm32c0xx_hal_rcc.o
 .debug_frame   0x00000c88       0x84 build/debug/stm32c0xx_hal_rcc_ex.o
 .debug_frame   0x00000d0c      0x6dc build/debug/stm32c0xx_hal_uart.o
 .debug_frame   0x000013e8       0x98 build/debug/stm32c0xx_it.o
 .debug_frame   0x00001480      0x170 build/debug/stm32c0xx_nucleo.o
 .debug_frame   0x000015f0       0x28 build/debug/sysmem.o
 .debug_frame   0x00001618       0x30 build/debug/system_stm32c0xx.o
 .debug_frame   0x00001648       0x20 c:/Users/micha/AppData/Roaming/Code/User/globalStorage/bmd.stm32-for-vscode/@xpack-dev-tools/arm-none-eabi-gcc/14.2.1-1.1.1/.content/bin/../lib/gcc/arm-none-eabi/14.2.1/thumb/v6-m/nofp\libgcc.a(_udivsi3.o)

.debug_line_str
                0x00000000      0x186
 .debug_line_str
                0x00000000      0x186 build/debug/startup_stm32c031xx.o
                                 0x5a (size before relaxing)
 .debug_line_str
                0x00000186      0x12c c:/Users/micha/AppData/Roaming/Code/User/globalStorage/bmd.stm32-for-vscode/@xpack-dev-tools/arm-none-eabi-gcc/14.2.1-1.1.1/.content/bin/../lib/gcc/arm-none-eabi/14.2.1/thumb/v6-m/nofp\libgcc.a(_thumb1_case_shi.o)
 .debug_line_str
                0x00000186      0x12c c:/Users/micha/AppData/Roaming/Code/User/globalStorage/bmd.stm32-for-vscode/@xpack-dev-tools/arm-none-eabi-gcc/14.2.1-1.1.1/.content/bin/../lib/gcc/arm-none-eabi/14.2.1/thumb/v6-m/nofp\libgcc.a(_udivsi3.o)
 .debug_line_str
                0x00000186      0x12c c:/Users/micha/AppData/Roaming/Code/User/globalStorage/bmd.stm32-for-vscode/@xpack-dev-tools/arm-none-eabi-gcc/14.2.1-1.1.1/.content/bin/../lib/gcc/arm-none-eabi/14.2.1/thumb/v6-m/nofp\libgcc.a(_dvmd_tls.o)

Cross Reference Table

Symbol                                            File
ADC1_IRQHandler                                   build/debug/startup_stm32c031xx.o
ADC_ConversionStop                                build/debug/stm32c0xx_hal_adc.o
ADC_Disable                                       build/debug/stm32c0xx_hal_adc.o
                                                  build/debug/stm32c0xx_hal_adc_ex.o
ADC_Enable                                        build/debug/stm32c0xx_hal_adc.o
AHBPrescTable                                     build/debug/system_stm32c0xx.o
                                                  build/debug/stm32c0xx_hal_rcc.o
APBPrescTable                                     build/debug/system_stm32c0xx.o
                                                  build/debug/stm32c0xx_hal_rcc.o
BSP_GetBoardID                                    build/debug/stm32c0xx_nucleo.o
BSP_GetBoardName                                  build/debug/stm32c0xx_nucleo.o
BSP_GetVersion                                    build/debug/stm32c0xx_nucleo.o
BSP_LED_DeInit                                    build/debug/stm32c0xx_nucleo.o
BSP_LED_GetState                                  build/debug/stm32c0xx_nucleo.o
BSP_LED_Init                                      build/debug/stm32c0xx_nucleo.o
                                                  build/debug/main.o
BSP_LED_Off                                       build/debug/stm32c0xx_nucleo.o
BSP_LED_On                                        build/debug/stm32c0xx_nucleo.o
BSP_LED_Toggle                                    build/debug/stm32c0xx_nucleo.o
BSP_PB_Callback                                   build/debug/stm32c0xx_nucleo.o
BSP_PB_DeInit                                     build/debug/stm32c0xx_nucleo.o
BSP_PB_GetState                                   build/debug/stm32c0xx_nucleo.o
BSP_PB_IRQHandler                                 build/debug/stm32c0xx_nucleo.o
                                                  build/debug/stm32c0xx_it.o
BSP_PB_Init                                       build/debug/stm32c0xx_nucleo.o
                                                  build/debug/main.o
DMA1_Channel1_IRQHandler                          build/debug/stm32c0xx_it.o
DMA1_Channel2_3_IRQHandler                        build/debug/startup_stm32c031xx.o
DMAMUX1_IRQHandler                                build/debug/startup_stm32c031xx.o
Default_Handler                                   build/debug/startup_stm32c031xx.o
EXTI0_1_IRQHandler                                build/debug/startup_stm32c031xx.o
EXTI2_3_IRQHandler                                build/debug/startup_stm32c031xx.o
EXTI4_15_IRQHandler                               build/debug/stm32c0xx_it.o
Error_Handler                                     build/debug/main.o
                                                  build/debug/stm32c0xx_hal_msp.o
FLASH_FlushCaches                                 build/debug/stm32c0xx_hal_flash_ex.o
FLASH_IRQHandler                                  build/debug/startup_stm32c031xx.o
FLASH_PageErase                                   build/debug/stm32c0xx_hal_flash_ex.o
                                                  build/debug/stm32c0xx_hal_flash.o
FLASH_WaitForLastOperation                        build/debug/stm32c0xx_hal_flash.o
                                                  build/debug/stm32c0xx_hal_flash_ex.o
HAL_ADCEx_Calibration_GetValue                    build/debug/stm32c0xx_hal_adc_ex.o
HAL_ADCEx_Calibration_SetValue                    build/debug/stm32c0xx_hal_adc_ex.o
HAL_ADCEx_Calibration_Start                       build/debug/stm32c0xx_hal_adc_ex.o
HAL_ADCEx_ChannelConfigReadyCallback              build/debug/stm32c0xx_hal_adc_ex.o
                                                  build/debug/stm32c0xx_hal_adc.o
HAL_ADCEx_DisableVoltageRegulator                 build/debug/stm32c0xx_hal_adc_ex.o
HAL_ADCEx_EndOfSamplingCallback                   build/debug/stm32c0xx_hal_adc_ex.o
                                                  build/debug/stm32c0xx_hal_adc.o
HAL_ADCEx_LevelOutOfWindow2Callback               build/debug/stm32c0xx_hal_adc_ex.o
                                                  build/debug/stm32c0xx_hal_adc.o
HAL_ADCEx_LevelOutOfWindow3Callback               build/debug/stm32c0xx_hal_adc_ex.o
                                                  build/debug/stm32c0xx_hal_adc.o
HAL_ADC_ADCReadyCallback                          build/debug/stm32c0xx_hal_adc.o
HAL_ADC_AnalogWDGConfig                           build/debug/stm32c0xx_hal_adc.o
HAL_ADC_CalibrationCpltCallback                   build/debug/stm32c0xx_hal_adc.o
HAL_ADC_ConfigChannel                             build/debug/stm32c0xx_hal_adc.o
                                                  build/debug/main.o
HAL_ADC_ConvCpltCallback                          build/debug/stm32c0xx_hal_adc.o
HAL_ADC_ConvHalfCpltCallback                      build/debug/stm32c0xx_hal_adc.o
HAL_ADC_DeInit                                    build/debug/stm32c0xx_hal_adc.o
HAL_ADC_ErrorCallback                             build/debug/stm32c0xx_hal_adc.o
HAL_ADC_GetError                                  build/debug/stm32c0xx_hal_adc.o
HAL_ADC_GetState                                  build/debug/stm32c0xx_hal_adc.o
HAL_ADC_GetValue                                  build/debug/stm32c0xx_hal_adc.o
                                                  build/debug/main.o
HAL_ADC_IRQHandler                                build/debug/stm32c0xx_hal_adc.o
HAL_ADC_Init                                      build/debug/stm32c0xx_hal_adc.o
                                                  build/debug/main.o
HAL_ADC_LevelOutOfWindowCallback                  build/debug/stm32c0xx_hal_adc.o
HAL_ADC_MspDeInit                                 build/debug/stm32c0xx_hal_msp.o
                                                  build/debug/stm32c0xx_hal_adc.o
HAL_ADC_MspInit                                   build/debug/stm32c0xx_hal_msp.o
                                                  build/debug/stm32c0xx_hal_adc.o
HAL_ADC_PollForConversion                         build/debug/stm32c0xx_hal_adc.o
                                                  build/debug/main.o
HAL_ADC_PollForEvent                              build/debug/stm32c0xx_hal_adc.o
HAL_ADC_Start                                     build/debug/stm32c0xx_hal_adc.o
                                                  build/debug/main.o
HAL_ADC_Start_DMA                                 build/debug/stm32c0xx_hal_adc.o
HAL_ADC_Start_IT                                  build/debug/stm32c0xx_hal_adc.o
HAL_ADC_Stop                                      build/debug/stm32c0xx_hal_adc.o
                                                  build/debug/main.o
HAL_ADC_Stop_DMA                                  build/debug/stm32c0xx_hal_adc.o
HAL_ADC_Stop_IT                                   build/debug/stm32c0xx_hal_adc.o
HAL_DBGMCU_DisableDBGStandbyMode                  build/debug/stm32c0xx_hal.o
HAL_DBGMCU_DisableDBGStopMode                     build/debug/stm32c0xx_hal.o
HAL_DBGMCU_EnableDBGStandbyMode                   build/debug/stm32c0xx_hal.o
HAL_DBGMCU_EnableDBGStopMode                      build/debug/stm32c0xx_hal.o
HAL_DMAEx_ConfigMuxRequestGenerator               build/debug/stm32c0xx_hal_dma_ex.o
HAL_DMAEx_ConfigMuxSync                           build/debug/stm32c0xx_hal_dma_ex.o
HAL_DMAEx_DisableMuxRequestGenerator              build/debug/stm32c0xx_hal_dma_ex.o
HAL_DMAEx_EnableMuxRequestGenerator               build/debug/stm32c0xx_hal_dma_ex.o
HAL_DMAEx_MUX_IRQHandler                          build/debug/stm32c0xx_hal_dma_ex.o
HAL_DMA_Abort                                     build/debug/stm32c0xx_hal_dma.o
                                                  build/debug/stm32c0xx_hal_uart.o
                                                  build/debug/stm32c0xx_hal_adc.o
HAL_DMA_Abort_IT                                  build/debug/stm32c0xx_hal_dma.o
                                                  build/debug/stm32c0xx_hal_uart.o
HAL_DMA_DeInit                                    build/debug/stm32c0xx_hal_dma.o
                                                  build/debug/stm32c0xx_hal_msp.o
HAL_DMA_GetError                                  build/debug/stm32c0xx_hal_dma.o
                                                  build/debug/stm32c0xx_hal_uart.o
HAL_DMA_GetState                                  build/debug/stm32c0xx_hal_dma.o
HAL_DMA_IRQHandler                                build/debug/stm32c0xx_hal_dma.o
                                                  build/debug/stm32c0xx_it.o
HAL_DMA_Init                                      build/debug/stm32c0xx_hal_dma.o
                                                  build/debug/stm32c0xx_hal_msp.o
HAL_DMA_PollForTransfer                           build/debug/stm32c0xx_hal_dma.o
HAL_DMA_RegisterCallback                          build/debug/stm32c0xx_hal_dma.o
HAL_DMA_Start                                     build/debug/stm32c0xx_hal_dma.o
HAL_DMA_Start_IT                                  build/debug/stm32c0xx_hal_dma.o
                                                  build/debug/stm32c0xx_hal_uart.o
                                                  build/debug/stm32c0xx_hal_adc.o
HAL_DMA_UnRegisterCallback                        build/debug/stm32c0xx_hal_dma.o
HAL_DeInit                                        build/debug/stm32c0xx_hal.o
HAL_Delay                                         build/debug/stm32c0xx_hal.o
                                                  build/debug/main.o
HAL_EXTI_ClearConfigLine                          build/debug/stm32c0xx_hal_exti.o
HAL_EXTI_ClearPending                             build/debug/stm32c0xx_hal_exti.o
HAL_EXTI_GenerateSWI                              build/debug/stm32c0xx_hal_exti.o
HAL_EXTI_GetConfigLine                            build/debug/stm32c0xx_hal_exti.o
HAL_EXTI_GetHandle                                build/debug/stm32c0xx_hal_exti.o
                                                  build/debug/stm32c0xx_nucleo.o
HAL_EXTI_GetPending                               build/debug/stm32c0xx_hal_exti.o
HAL_EXTI_IRQHandler                               build/debug/stm32c0xx_hal_exti.o
                                                  build/debug/stm32c0xx_nucleo.o
HAL_EXTI_RegisterCallback                         build/debug/stm32c0xx_hal_exti.o
                                                  build/debug/stm32c0xx_nucleo.o
HAL_EXTI_SetConfigLine                            build/debug/stm32c0xx_hal_exti.o
HAL_FLASHEx_DisableDebugger                       build/debug/stm32c0xx_hal_flash_ex.o
HAL_FLASHEx_EnableDebugger                        build/debug/stm32c0xx_hal_flash_ex.o
HAL_FLASHEx_EnableSecMemProtection                build/debug/stm32c0xx_hal_flash_ex.o
HAL_FLASHEx_Erase                                 build/debug/stm32c0xx_hal_flash_ex.o
HAL_FLASHEx_Erase_IT                              build/debug/stm32c0xx_hal_flash_ex.o
HAL_FLASHEx_FlashEmptyCheck                       build/debug/stm32c0xx_hal_flash_ex.o
HAL_FLASHEx_ForceFlashEmpty                       build/debug/stm32c0xx_hal_flash_ex.o
HAL_FLASHEx_OBGetConfig                           build/debug/stm32c0xx_hal_flash_ex.o
HAL_FLASHEx_OBProgram                             build/debug/stm32c0xx_hal_flash_ex.o
HAL_FLASH_EndOfOperationCallback                  build/debug/stm32c0xx_hal_flash.o
HAL_FLASH_GetError                                build/debug/stm32c0xx_hal_flash.o
HAL_FLASH_IRQHandler                              build/debug/stm32c0xx_hal_flash.o
HAL_FLASH_Lock                                    build/debug/stm32c0xx_hal_flash.o
HAL_FLASH_OB_Launch                               build/debug/stm32c0xx_hal_flash.o
HAL_FLASH_OB_Lock                                 build/debug/stm32c0xx_hal_flash.o
HAL_FLASH_OB_Unlock                               build/debug/stm32c0xx_hal_flash.o
HAL_FLASH_OperationErrorCallback                  build/debug/stm32c0xx_hal_flash.o
HAL_FLASH_Program                                 build/debug/stm32c0xx_hal_flash.o
HAL_FLASH_Program_IT                              build/debug/stm32c0xx_hal_flash.o
HAL_FLASH_Unlock                                  build/debug/stm32c0xx_hal_flash.o
HAL_GPIO_DeInit                                   build/debug/stm32c0xx_hal_gpio.o
                                                  build/debug/stm32c0xx_nucleo.o
                                                  build/debug/stm32c0xx_hal_msp.o
HAL_GPIO_EXTI_Falling_Callback                    build/debug/stm32c0xx_hal_gpio.o
HAL_GPIO_EXTI_IRQHandler                          build/debug/stm32c0xx_hal_gpio.o
HAL_GPIO_EXTI_Rising_Callback                     build/debug/stm32c0xx_hal_gpio.o
HAL_GPIO_Init                                     build/debug/stm32c0xx_hal_gpio.o
                                                  build/debug/stm32c0xx_nucleo.o
                                                  build/debug/stm32c0xx_hal_rcc_ex.o
                                                  build/debug/stm32c0xx_hal_rcc.o
                                                  build/debug/stm32c0xx_hal_msp.o
HAL_GPIO_LockPin                                  build/debug/stm32c0xx_hal_gpio.o
HAL_GPIO_ReadPin                                  build/debug/stm32c0xx_hal_gpio.o
                                                  build/debug/stm32c0xx_nucleo.o
HAL_GPIO_TogglePin                                build/debug/stm32c0xx_hal_gpio.o
                                                  build/debug/stm32c0xx_nucleo.o
HAL_GPIO_WriteMultipleStatePin                    build/debug/stm32c0xx_hal_gpio.o
HAL_GPIO_WritePin                                 build/debug/stm32c0xx_hal_gpio.o
                                                  build/debug/stm32c0xx_nucleo.o
HAL_GetDEVID                                      build/debug/stm32c0xx_hal.o
HAL_GetHalVersion                                 build/debug/stm32c0xx_hal.o
HAL_GetREVID                                      build/debug/stm32c0xx_hal.o
HAL_GetTick                                       build/debug/stm32c0xx_hal.o
                                                  build/debug/stm32c0xx_hal_uart_ex.o
                                                  build/debug/stm32c0xx_hal_uart.o
                                                  build/debug/stm32c0xx_hal_rcc_ex.o
                                                  build/debug/stm32c0xx_hal_rcc.o
                                                  build/debug/stm32c0xx_hal_flash.o
                                                  build/debug/stm32c0xx_hal_dma.o
                                                  build/debug/stm32c0xx_hal_adc_ex.o
                                                  build/debug/stm32c0xx_hal_adc.o
HAL_GetTickFreq                                   build/debug/stm32c0xx_hal.o
HAL_GetTickPrio                                   build/debug/stm32c0xx_hal.o
HAL_GetUIDw0                                      build/debug/stm32c0xx_hal.o
HAL_GetUIDw1                                      build/debug/stm32c0xx_hal.o
HAL_GetUIDw2                                      build/debug/stm32c0xx_hal.o
HAL_HalfDuplex_EnableReceiver                     build/debug/stm32c0xx_hal_uart.o
HAL_HalfDuplex_EnableTransmitter                  build/debug/stm32c0xx_hal_uart.o
HAL_HalfDuplex_Init                               build/debug/stm32c0xx_hal_uart.o
HAL_IncTick                                       build/debug/stm32c0xx_hal.o
                                                  build/debug/stm32c0xx_it.o
HAL_Init                                          build/debug/stm32c0xx_hal.o
                                                  build/debug/main.o
HAL_InitTick                                      build/debug/stm32c0xx_hal.o
                                                  build/debug/stm32c0xx_hal_rcc.o
HAL_LIN_Init                                      build/debug/stm32c0xx_hal_uart.o
HAL_LIN_SendBreak                                 build/debug/stm32c0xx_hal_uart.o
HAL_MPU_ConfigRegion                              build/debug/stm32c0xx_hal_cortex.o
HAL_MPU_Disable                                   build/debug/stm32c0xx_hal_cortex.o
HAL_MPU_DisableRegion                             build/debug/stm32c0xx_hal_cortex.o
HAL_MPU_Enable                                    build/debug/stm32c0xx_hal_cortex.o
HAL_MPU_EnableRegion                              build/debug/stm32c0xx_hal_cortex.o
HAL_MspDeInit                                     build/debug/stm32c0xx_hal.o
HAL_MspInit                                       build/debug/stm32c0xx_hal_msp.o
                                                  build/debug/stm32c0xx_hal.o
HAL_MultiProcessorEx_AddressLength_Set            build/debug/stm32c0xx_hal_uart_ex.o
HAL_MultiProcessor_DisableMuteMode                build/debug/stm32c0xx_hal_uart.o
HAL_MultiProcessor_EnableMuteMode                 build/debug/stm32c0xx_hal_uart.o
HAL_MultiProcessor_EnterMuteMode                  build/debug/stm32c0xx_hal_uart.o
HAL_MultiProcessor_Init                           build/debug/stm32c0xx_hal_uart.o
HAL_NVIC_ClearPendingIRQ                          build/debug/stm32c0xx_hal_cortex.o
HAL_NVIC_DisableIRQ                               build/debug/stm32c0xx_hal_cortex.o
                                                  build/debug/stm32c0xx_nucleo.o
HAL_NVIC_EnableIRQ                                build/debug/stm32c0xx_hal_cortex.o
                                                  build/debug/stm32c0xx_nucleo.o
                                                  build/debug/main.o
HAL_NVIC_GetPendingIRQ                            build/debug/stm32c0xx_hal_cortex.o
HAL_NVIC_GetPriority                              build/debug/stm32c0xx_hal_cortex.o
HAL_NVIC_SetPendingIRQ                            build/debug/stm32c0xx_hal_cortex.o
HAL_NVIC_SetPriority                              build/debug/stm32c0xx_hal_cortex.o
                                                  build/debug/stm32c0xx_nucleo.o
                                                  build/debug/stm32c0xx_hal.o
                                                  build/debug/main.o
HAL_NVIC_SystemReset                              build/debug/stm32c0xx_hal_cortex.o
HAL_PWREx_BKUPRead                                build/debug/stm32c0xx_hal_pwr_ex.o
HAL_PWREx_BKUPWrite                               build/debug/stm32c0xx_hal_pwr_ex.o
HAL_PWREx_DisableFlashPowerDown                   build/debug/stm32c0xx_hal_pwr_ex.o
HAL_PWREx_DisableGPIOPullDown                     build/debug/stm32c0xx_hal_pwr_ex.o
HAL_PWREx_DisableGPIOPullUp                       build/debug/stm32c0xx_hal_pwr_ex.o
HAL_PWREx_DisableInternalWakeUpLine               build/debug/stm32c0xx_hal_pwr_ex.o
HAL_PWREx_DisablePullUpPullDownConfig             build/debug/stm32c0xx_hal_pwr_ex.o
HAL_PWREx_EnableFlashPowerDown                    build/debug/stm32c0xx_hal_pwr_ex.o
HAL_PWREx_EnableGPIOPullDown                      build/debug/stm32c0xx_hal_pwr_ex.o
HAL_PWREx_EnableGPIOPullUp                        build/debug/stm32c0xx_hal_pwr_ex.o
HAL_PWREx_EnableInternalWakeUpLine                build/debug/stm32c0xx_hal_pwr_ex.o
HAL_PWREx_EnablePullUpPullDownConfig              build/debug/stm32c0xx_hal_pwr_ex.o
HAL_PWREx_EnterSHUTDOWNMode                       build/debug/stm32c0xx_hal_pwr_ex.o
HAL_PWR_DeInit                                    build/debug/stm32c0xx_hal_pwr.o
HAL_PWR_DisableSEVOnPend                          build/debug/stm32c0xx_hal_pwr.o
HAL_PWR_DisableSleepOnExit                        build/debug/stm32c0xx_hal_pwr.o
HAL_PWR_DisableWakeUpPin                          build/debug/stm32c0xx_hal_pwr.o
HAL_PWR_EnableSEVOnPend                           build/debug/stm32c0xx_hal_pwr.o
HAL_PWR_EnableSleepOnExit                         build/debug/stm32c0xx_hal_pwr.o
HAL_PWR_EnableWakeUpPin                           build/debug/stm32c0xx_hal_pwr.o
HAL_PWR_EnterSLEEPMode                            build/debug/stm32c0xx_hal_pwr.o
HAL_PWR_EnterSTANDBYMode                          build/debug/stm32c0xx_hal_pwr.o
HAL_PWR_EnterSTOPMode                             build/debug/stm32c0xx_hal_pwr.o
HAL_RCCEx_DisableLSCO                             build/debug/stm32c0xx_hal_rcc_ex.o
HAL_RCCEx_EnableLSCO                              build/debug/stm32c0xx_hal_rcc_ex.o
HAL_RCCEx_GetPeriphCLKConfig                      build/debug/stm32c0xx_hal_rcc_ex.o
HAL_RCCEx_GetPeriphCLKFreq                        build/debug/stm32c0xx_hal_rcc_ex.o
HAL_RCCEx_PeriphCLKConfig                         build/debug/stm32c0xx_hal_rcc_ex.o
                                                  build/debug/stm32c0xx_hal_msp.o
HAL_RCC_CSSCallback                               build/debug/stm32c0xx_hal_rcc.o
HAL_RCC_ClockConfig                               build/debug/stm32c0xx_hal_rcc.o
                                                  build/debug/main.o
HAL_RCC_DeInit                                    build/debug/stm32c0xx_hal_rcc.o
HAL_RCC_DisableLSECSS                             build/debug/stm32c0xx_hal_rcc.o
HAL_RCC_EnableCSS                                 build/debug/stm32c0xx_hal_rcc.o
HAL_RCC_EnableLSECSS                              build/debug/stm32c0xx_hal_rcc.o
HAL_RCC_GetClockConfig                            build/debug/stm32c0xx_hal_rcc.o
HAL_RCC_GetHCLKFreq                               build/debug/stm32c0xx_hal_rcc.o
HAL_RCC_GetOscConfig                              build/debug/stm32c0xx_hal_rcc.o
HAL_RCC_GetPCLK1Freq                              build/debug/stm32c0xx_hal_rcc.o
                                                  build/debug/stm32c0xx_hal_uart.o
                                                  build/debug/stm32c0xx_hal_rcc_ex.o
HAL_RCC_GetSysClockFreq                           build/debug/stm32c0xx_hal_rcc.o
                                                  build/debug/stm32c0xx_hal_uart.o
                                                  build/debug/stm32c0xx_hal_rcc_ex.o
HAL_RCC_LSECSSCallback                            build/debug/stm32c0xx_hal_rcc.o
HAL_RCC_MCOConfig                                 build/debug/stm32c0xx_hal_rcc.o
HAL_RCC_NMI_IRQHandler                            build/debug/stm32c0xx_hal_rcc.o
HAL_RCC_OscConfig                                 build/debug/stm32c0xx_hal_rcc.o
                                                  build/debug/main.o
HAL_RS485Ex_Init                                  build/debug/stm32c0xx_hal_uart_ex.o
HAL_ResumeTick                                    build/debug/stm32c0xx_hal.o
HAL_SYSCFG_DisableRemap                           build/debug/stm32c0xx_hal.o
HAL_SYSCFG_EnableRemap                            build/debug/stm32c0xx_hal.o
HAL_SYSCFG_GetPinBinding                          build/debug/stm32c0xx_hal.o
HAL_SYSCFG_SetPinBinding                          build/debug/stm32c0xx_hal.o
HAL_SYSTICK_CLKSourceConfig                       build/debug/stm32c0xx_hal_cortex.o
HAL_SYSTICK_Callback                              build/debug/stm32c0xx_hal_cortex.o
HAL_SYSTICK_Config                                build/debug/stm32c0xx_hal_cortex.o
                                                  build/debug/stm32c0xx_hal.o
HAL_SYSTICK_IRQHandler                            build/debug/stm32c0xx_hal_cortex.o
HAL_SetTickFreq                                   build/debug/stm32c0xx_hal.o
HAL_SuspendTick                                   build/debug/stm32c0xx_hal.o
HAL_UARTEx_DisableFifoMode                        build/debug/stm32c0xx_hal_uart_ex.o
HAL_UARTEx_DisableStopMode                        build/debug/stm32c0xx_hal_uart_ex.o
HAL_UARTEx_EnableFifoMode                         build/debug/stm32c0xx_hal_uart_ex.o
HAL_UARTEx_EnableStopMode                         build/debug/stm32c0xx_hal_uart_ex.o
HAL_UARTEx_GetRxEventType                         build/debug/stm32c0xx_hal_uart_ex.o
HAL_UARTEx_ReceiveToIdle                          build/debug/stm32c0xx_hal_uart_ex.o
HAL_UARTEx_ReceiveToIdle_DMA                      build/debug/stm32c0xx_hal_uart_ex.o
HAL_UARTEx_ReceiveToIdle_IT                       build/debug/stm32c0xx_hal_uart_ex.o
HAL_UARTEx_RxEventCallback                        build/debug/stm32c0xx_hal_uart.o
HAL_UARTEx_RxFifoFullCallback                     build/debug/stm32c0xx_hal_uart_ex.o
                                                  build/debug/stm32c0xx_hal_uart.o
HAL_UARTEx_SetRxFifoThreshold                     build/debug/stm32c0xx_hal_uart_ex.o
HAL_UARTEx_SetTxFifoThreshold                     build/debug/stm32c0xx_hal_uart_ex.o
HAL_UARTEx_StopModeWakeUpSourceConfig             build/debug/stm32c0xx_hal_uart_ex.o
HAL_UARTEx_TxFifoEmptyCallback                    build/debug/stm32c0xx_hal_uart_ex.o
                                                  build/debug/stm32c0xx_hal_uart.o
HAL_UARTEx_WakeupCallback                         build/debug/stm32c0xx_hal_uart_ex.o
                                                  build/debug/stm32c0xx_hal_uart.o
HAL_UART_Abort                                    build/debug/stm32c0xx_hal_uart.o
HAL_UART_AbortCpltCallback                        build/debug/stm32c0xx_hal_uart.o
HAL_UART_AbortReceive                             build/debug/stm32c0xx_hal_uart.o
HAL_UART_AbortReceiveCpltCallback                 build/debug/stm32c0xx_hal_uart.o
HAL_UART_AbortReceive_IT                          build/debug/stm32c0xx_hal_uart.o
HAL_UART_AbortTransmit                            build/debug/stm32c0xx_hal_uart.o
HAL_UART_AbortTransmitCpltCallback                build/debug/stm32c0xx_hal_uart.o
HAL_UART_AbortTransmit_IT                         build/debug/stm32c0xx_hal_uart.o
HAL_UART_Abort_IT                                 build/debug/stm32c0xx_hal_uart.o
HAL_UART_DMAPause                                 build/debug/stm32c0xx_hal_uart.o
HAL_UART_DMAResume                                build/debug/stm32c0xx_hal_uart.o
HAL_UART_DMAStop                                  build/debug/stm32c0xx_hal_uart.o
HAL_UART_DeInit                                   build/debug/stm32c0xx_hal_uart.o
HAL_UART_DisableReceiverTimeout                   build/debug/stm32c0xx_hal_uart.o
HAL_UART_EnableReceiverTimeout                    build/debug/stm32c0xx_hal_uart.o
HAL_UART_ErrorCallback                            build/debug/stm32c0xx_hal_uart.o
HAL_UART_GetError                                 build/debug/stm32c0xx_hal_uart.o
HAL_UART_GetState                                 build/debug/stm32c0xx_hal_uart.o
HAL_UART_IRQHandler                               build/debug/stm32c0xx_hal_uart.o
HAL_UART_Init                                     build/debug/stm32c0xx_hal_uart.o
                                                  build/debug/main.o
HAL_UART_MspDeInit                                build/debug/stm32c0xx_hal_msp.o